ARM Linker, RVCT4.0 [Build 728] [Standard]

==============================================================================

Section Cross References

    main.o(i.DrvSYS_Delay) refers to system_m051series.o(.data) for CyclesPerUs
    main.o(i.SYS_Init) refers to clk.o(i.CLK_WaitClockReady) for CLK_WaitClockReady
    main.o(i.SYS_Init) refers to system_m051series.o(i.SystemCoreClockUpdate) for SystemCoreClockUpdate
    main.o(i.UART0_Init) refers to sys.o(i.SYS_ResetModule) for SYS_ResetModule
    main.o(i.UART0_Init) refers to uart.o(i.UART_Open) for UART_Open
    main.o(i.main) refers to main.o(i.SYS_Init) for SYS_Init
    main.o(i.main) refers to blux_v30b.o(i.InitBLUX_V30) for InitBLUX_V30
    main.o(i.main) refers to realyctrl.o(i.HWRealyInit) for HWRealyInit
    main.o(i.main) refers to uart3th.o(i.Co2Init) for Co2Init
    main.o(i.main) refers to fmc_data_flash.o(i.InitSlaveAddr) for InitSlaveAddr
    main.o(i.main) refers to si4432.o(i.initsi4432) for initsi4432
    main.o(i.main) refers to si4432.o(i.rx_data) for rx_data
    main.o(i.main) refers to mb.o(i.eMBInit) for eMBInit
    main.o(i.main) refers to mb.o(i.eMBEnable) for eMBEnable
    main.o(i.main) refers to mb.o(i.eMBPoll) for eMBPoll
    main.o(i.main) refers to uart3th.o(i.Co2EventPoll) for Co2EventPoll
    main.o(i.main) refers to uart3th.o(i.Co2SendCmd) for Co2SendCmd
    main.o(i.main) refers to hdt11.o(i.DHT11EventPoll) for DHT11EventPoll
    main.o(i.main) refers to blux_v30b.o(i.Blux_v3bPoll) for Blux_v3bPoll
    main.o(i.main) refers to fmc_data_flash.o(i.SlaveAddrPoll) for SlaveAddrPoll
    main.o(i.main) refers to si4432.o(i.Si4432Thread) for Si4432Thread
    main.o(i.main) refers to main.o(.data) for SlaveAddr
    portevent.o(i.xMBPortEventGet) refers to portevent.o(.data) for .data
    portevent.o(i.xMBPortEventInit) refers to portevent.o(.data) for .data
    portevent.o(i.xMBPortEventPost) refers to portevent.o(.data) for .data
    portserial.o(i.UART0_IRQHandler) refers to portserial.o(i.prvvUARTRxISR) for prvvUARTRxISR
    portserial.o(i.UART0_IRQHandler) refers to portserial.o(i.prvvUARTTxReadyISR) for prvvUARTTxReadyISR
    portserial.o(i.prvvUARTRxISR) refers to mb.o(.data) for pxMBFrameCBByteReceived
    portserial.o(i.prvvUARTTxReadyISR) refers to mb.o(.data) for pxMBFrameCBTransmitterEmpty
    portserial.o(i.xMBPortSerialInit) refers to sys.o(i.SYS_ResetModule) for SYS_ResetModule
    portserial.o(i.xMBPortSerialInit) refers to clk.o(i.CLK_SetModuleClock) for CLK_SetModuleClock
    portserial.o(i.xMBPortSerialInit) refers to clk.o(i.CLK_EnableModuleClock) for CLK_EnableModuleClock
    portserial.o(i.xMBPortSerialInit) refers to uart.o(i.UART_Open) for UART_Open
    portserial.o(i.xMBPortSerialInit) refers to port.o(i.EnterCriticalSection) for EnterCriticalSection
    portserial.o(i.xMBPortSerialInit) refers to portserial.o(i.NVIC_SetPriority) for NVIC_SetPriority
    portserial.o(i.xMBPortSerialInit) refers to port.o(i.ExitCriticalSection) for ExitCriticalSection
    porttimer.o(i.TMR1_IRQHandler) refers to porttimer.o(i.prvvTIMERExpiredISR) for prvvTIMERExpiredISR
    porttimer.o(i.TMR1_IRQHandler) refers to porttimer.o(.data) for Timehandel
    porttimer.o(i.prvvTIMERExpiredISR) refers to mb.o(.data) for pxMBPortCBTimerExpired
    porttimer.o(i.vMBPortTimersDisable) refers to porttimer.o(.data) for Timehandel
    porttimer.o(i.vMBPortTimersEnable) refers to porttimer.o(i.TIMER_EnableInt) for TIMER_EnableInt
    porttimer.o(i.vMBPortTimersEnable) refers to porttimer.o(i.NVIC_EnableIRQ) for NVIC_EnableIRQ
    porttimer.o(i.vMBPortTimersEnable) refers to porttimer.o(i.TIMER_Start) for TIMER_Start
    porttimer.o(i.vMBPortTimersEnable) refers to porttimer.o(.data) for Timehandel
    porttimer.o(i.xMBPortTimersInit) refers to timer.o(i.TIMER_Open) for TIMER_Open
    porttimer.o(i.xMBPortTimersInit) refers to porttimer.o(i.TIMER_EnableInt) for TIMER_EnableInt
    porttimer.o(i.xMBPortTimersInit) refers to porttimer.o(i.NVIC_SetPriority) for NVIC_SetPriority
    porttimer.o(i.xMBPortTimersInit) refers to porttimer.o(i.NVIC_EnableIRQ) for NVIC_EnableIRQ
    porttimer.o(i.xMBPortTimersInit) refers to porttimer.o(i.TIMER_Start) for TIMER_Start
    porttimer.o(i.xMBPortTimersInit) refers to porttimer.o(.data) for .data
    user_mb_app.o(i.eMBRegCoilsCB) refers to user_mb_app.o(i.xMBMasterGetCBRunInMasterMode) for xMBMasterGetCBRunInMasterMode
    user_mb_app.o(i.eMBRegCoilsCB) refers to user_mb_app.o(i.ucMBMasterGetDestAddress) for ucMBMasterGetDestAddress
    user_mb_app.o(i.eMBRegCoilsCB) refers to mbutils.o(i.xMBUtilGetBits) for xMBUtilGetBits
    user_mb_app.o(i.eMBRegCoilsCB) refers to mbutils.o(i.xMBUtilSetBits) for xMBUtilSetBits
    user_mb_app.o(i.eMBRegCoilsCB) refers to user_mb_app.o(.bss) for ucMCoilBuf
    user_mb_app.o(i.eMBRegCoilsCB) refers to user_mb_app.o(.data) for usMCoilStart
    user_mb_app.o(i.eMBRegDiscreteCB) refers to user_mb_app.o(i.xMBMasterGetCBRunInMasterMode) for xMBMasterGetCBRunInMasterMode
[...]
    Removing portserial.o(i.vMBPortClose), (2 bytes).
    Removing porttimer.o(.rev16_text), (4 bytes).
    Removing porttimer.o(.revsh_text), (4 bytes).
    Removing mbrtu.o(.rev16_text), (4 bytes).
    Removing mbrtu.o(.revsh_text), (4 bytes).
    Removing btfunc.o(.rev16_text), (4 bytes).
    Removing btfunc.o(.revsh_text), (4 bytes).
    Removing mbfuncother.o(.rev16_text), (4 bytes).
    Removing mbfuncother.o(.revsh_text), (4 bytes).
    Removing mbfuncother.o(i.eMBSetSlaveID), (120 bytes).
    Removing mbutils.o(.rev16_text), (4 bytes).
    Removing mbutils.o(.revsh_text), (4 bytes).
    Removing mb.o(i.eMBClose), (44 bytes).
    Removing mb.o(i.eMBDisable), (52 bytes).
    Removing mb.o(i.eMBRegisterCB), (140 bytes).
    Removing acmp.o(.rev16_text), (4 bytes).
    Removing acmp.o(.revsh_text), (4 bytes).
    Removing acmp.o(i.ACMP_Close), (18 bytes).
    Removing acmp.o(i.ACMP_Open), (30 bytes).
    Removing adc.o(.rev16_text), (4 bytes).
    Removing adc.o(.revsh_text), (4 bytes).
    Removing adc.o(i.ADC_Close), (36 bytes).
    Removing adc.o(i.ADC_DisableHWTrigger), (20 bytes).
    Removing adc.o(i.ADC_DisableInt), (60 bytes).
    Removing adc.o(i.ADC_EnableHWTrigger), (80 bytes).
    Removing adc.o(i.ADC_EnableInt), (60 bytes).
    Removing adc.o(i.ADC_Open), (40 bytes).
    Removing clk.o(.rev16_text), (4 bytes).
    Removing clk.o(.revsh_text), (4 bytes).
    Removing clk.o(i.CLK_DisableCKO), (16 bytes).
    Removing clk.o(i.CLK_DisableModuleClock), (32 bytes).
    Removing clk.o(i.CLK_DisablePLL), (20 bytes).
    Removing clk.o(i.CLK_DisableXtalRC), (16 bytes).
    Removing clk.o(i.CLK_EnableCKO), (48 bytes).
    Removing clk.o(i.CLK_EnablePLL), (304 bytes).
    Removing clk.o(i.CLK_EnableXtalRC), (16 bytes).
    Removing clk.o(i.CLK_GetCPUFreq), (16 bytes).
    Removing clk.o(i.CLK_GetHCLKFreq), (16 bytes).
    Removing clk.o(i.CLK_GetHXTFreq), (28 bytes).
    Removing clk.o(i.CLK_GetPLLClockFreq), (124 bytes).
    Removing clk.o(i.CLK_Idle), (36 bytes).
    Removing clk.o(i.CLK_PowerDown), (40 bytes).
    Removing clk.o(i.CLK_SetCoreClock), (80 bytes).
    Removing clk.o(i.CLK_SetHCLK), (44 bytes).
    Removing clk.o(i.CLK_SetSysTickClockSrc), (20 bytes).
    Removing ebi.o(.rev16_text), (4 bytes).
    Removing ebi.o(.revsh_text), (4 bytes).
    Removing ebi.o(i.EBI_Close), (20 bytes).
    Removing ebi.o(i.EBI_Open), (272 bytes).
    Removing ebi.o(i.EBI_SetBusTiming), (32 bytes).
    Removing fmc.o(.rev16_text), (4 bytes).
    Removing fmc.o(.revsh_text), (4 bytes).
    Removing fmc.o(i.FMC_DisableAPUpdate), (20 bytes).
    Removing fmc.o(i.FMC_DisableConfigUpdate), (20 bytes).
    Removing fmc.o(i.FMC_DisableLDUpdate), (20 bytes).
    Removing fmc.o(i.FMC_EnableAPUpdate), (20 bytes).
    Removing fmc.o(i.FMC_EnableConfigUpdate), (20 bytes).
    Removing fmc.o(i.FMC_EnableLDUpdate), (20 bytes).
    Removing fmc.o(i.FMC_GetBootSource), (24 bytes).
    Removing fmc.o(i.FMC_Read), (40 bytes).
    Removing fmc.o(i.FMC_ReadConfig), (36 bytes).
    Removing fmc.o(i.FMC_ReadDataFlashBaseAddr), (12 bytes).
    Removing fmc.o(i.FMC_SetBootSource), (36 bytes).
    Removing fmc.o(i.FMC_WriteConfig), (96 bytes).
    Removing gpio.o(.rev16_text), (4 bytes).
    Removing gpio.o(.revsh_text), (4 bytes).
    Removing gpio.o(i.GPIO_DisableInt), (28 bytes).
    Removing gpio.o(i.GPIO_EnableInt), (26 bytes).
    Removing i2c.o(.rev16_text), (4 bytes).
    Removing i2c.o(.revsh_text), (4 bytes).
    Removing i2c.o(i.I2C_Close), (44 bytes).
    Removing i2c.o(i.I2C_DisableInt), (10 bytes).
    Removing i2c.o(i.I2C_DisableTimeout), (10 bytes).
    Removing i2c.o(i.I2C_DisableWakeup), (10 bytes).
    Removing i2c.o(i.I2C_EnableInt), (10 bytes).
    Removing i2c.o(i.I2C_EnableTimeout), (32 bytes).
    Removing i2c.o(i.I2C_EnableWakeup), (10 bytes).
    Removing i2c.o(i.I2C_GetBusClockFreq), (24 bytes).
    Removing i2c.o(i.I2C_GetData), (8 bytes).
    Removing i2c.o(i.I2C_GetIntFlag), (12 bytes).
    Removing i2c.o(i.I2C_GetStatus), (6 bytes).
    Removing i2c.o(i.I2C_Open), (64 bytes).
    Removing i2c.o(i.I2C_SetBusClockFreq), (56 bytes).
    Removing i2c.o(i.I2C_SetData), (4 bytes).
    Removing i2c.o(i.I2C_SetSlaveAddr), (58 bytes).
    Removing i2c.o(i.I2C_SetSlaveAddrMask), (48 bytes).
    Removing i2c.o(i.I2C_Trigger), (50 bytes).
    Removing pwm.o(.rev16_text), (4 bytes).
    Removing pwm.o(.revsh_text), (4 bytes).
    Removing pwm.o(i.PWM_ClearADCTriggerFlag), (12 bytes).
    Removing pwm.o(i.PWM_ClearCaptureIntFlag), (72 bytes).
    Removing pwm.o(i.PWM_ClearDutyIntFlag), (10 bytes).
    Removing pwm.o(i.PWM_ClearPeriodIntFlag), (8 bytes).
    Removing pwm.o(i.PWM_ConfigCaptureChannel), (364 bytes).
    Removing pwm.o(i.PWM_ConfigOutputChannel), (400 bytes).
    Removing pwm.o(i.PWM_DisableADCTrigger), (18 bytes).
    Removing pwm.o(i.PWM_DisableCapture), (60 bytes).
    Removing pwm.o(i.PWM_DisableCaptureInt), (40 bytes).
    Removing pwm.o(i.PWM_DisableDeadZone), (14 bytes).
    Removing pwm.o(i.PWM_DisableDutyInt), (14 bytes).
    Removing pwm.o(i.PWM_DisableOutput), (8 bytes).
    Removing pwm.o(i.PWM_DisablePeriodInt), (12 bytes).
    Removing pwm.o(i.PWM_EnableADCTrigger), (26 bytes).
    Removing pwm.o(i.PWM_EnableCapture), (60 bytes).
    Removing pwm.o(i.PWM_EnableCaptureInt), (36 bytes).
    Removing pwm.o(i.PWM_EnableDeadZone), (40 bytes).
    Removing pwm.o(i.PWM_EnableDutyInt), (34 bytes).
    Removing pwm.o(i.PWM_EnableOutput), (8 bytes).
    Removing pwm.o(i.PWM_EnablePeriodInt), (32 bytes).
    Removing pwm.o(i.PWM_ForceStop), (38 bytes).
    Removing pwm.o(i.PWM_GetADCTriggerFlag), (22 bytes).
    Removing pwm.o(i.PWM_GetCaptureIntFlag), (48 bytes).
    Removing pwm.o(i.PWM_GetDutyIntFlag), (22 bytes).
    Removing pwm.o(i.PWM_GetPeriodIntFlag), (20 bytes).
    Removing pwm.o(i.PWM_Start), (38 bytes).
    Removing pwm.o(i.PWM_Stop), (34 bytes).
    Removing pwm.o(.constdata), (168 bytes).
    Removing retarget.o(.rev16_text), (4 bytes).
    Removing retarget.o(.revsh_text), (4 bytes).
    Removing retarget.o(i.GetChar), (28 bytes).
    Removing retarget.o(i.IsDebugFifoEmpty), (20 bytes).
    Removing retarget.o(i.SendChar), (12 bytes).
    Removing retarget.o(i.SendChar_ToUART), (48 bytes).
    Removing retarget.o(i._ttywrch), (12 bytes).
    Removing retarget.o(i.ferror), (8 bytes).
    Removing retarget.o(i.fgetc), (10 bytes).
    Removing retarget.o(i.fputc), (16 bytes).
    Removing retarget.o(i.kbhit), (20 bytes).
    Removing retarget.o(.data), (8 bytes).
    Removing spi.o(.rev16_text), (4 bytes).
    Removing spi.o(.revsh_text), (4 bytes).
    Removing spi.o(i.CLK_GetPLLClockFreq), (124 bytes).
    Removing spi.o(i.SPI_ClearIntFlag), (86 bytes).
    Removing spi.o(i.SPI_ClearRxFIFO), (10 bytes).
    Removing spi.o(i.SPI_ClearTxFIFO), (10 bytes).
    Removing spi.o(i.SPI_Close), (108 bytes).
    Removing spi.o(i.SPI_DisableAutoSS), (10 bytes).
    Removing spi.o(i.SPI_DisableFIFO), (12 bytes).
    Removing spi.o(i.SPI_DisableInt), (136 bytes).
    Removing spi.o(i.SPI_EnableAutoSS), (22 bytes).
    Removing spi.o(i.SPI_EnableFIFO), (32 bytes).
    Removing spi.o(i.SPI_EnableInt), (136 bytes).
    Removing spi.o(i.SPI_GetBusClock), (188 bytes).
    Removing spi.o(i.SPI_GetIntFlag), (154 bytes).
    Removing spi.o(i.SPI_GetStatus), (138 bytes).
    Removing spi.o(i.SPI_Open), (580 bytes).
    Removing spi.o(i.SPI_SetBusClock), (408 bytes).
    Removing sys.o(.rev16_text), (4 bytes).
    Removing sys.o(.revsh_text), (4 bytes).
    Removing sys.o(i.SYS_ClearResetSrc), (16 bytes).
    Removing sys.o(i.SYS_DisableBOD), (18 bytes).
    Removing sys.o(i.SYS_EnableBOD), (50 bytes).
    Removing sys.o(i.SYS_GetBODStatus), (14 bytes).
    Removing sys.o(i.SYS_GetResetSrc), (8 bytes).
    Removing sys.o(i.SYS_IsRegLocked), (20 bytes).
    Removing sys.o(i.SYS_ReadPDID), (8 bytes).
    Removing sys.o(i.SYS_ResetChip), (18 bytes).
    Removing timer.o(.rev16_text), (4 bytes).
    Removing timer.o(.revsh_text), (4 bytes).
    Removing timer.o(i.TIMER_Close), (8 bytes).
    Removing timer.o(i.TIMER_Delay), (260 bytes).
    Removing timer.o(i.TIMER_DisableCapture), (10 bytes).
    Removing timer.o(i.TIMER_DisableEventCounter), (12 bytes).
    Removing timer.o(i.TIMER_EnableCapture), (20 bytes).
    Removing timer.o(i.TIMER_EnableEventCounter), (22 bytes).
    Removing uart.o(.rev16_text), (4 bytes).
    Removing uart.o(.revsh_text), (4 bytes).
    Removing uart.o(i.NVIC_DisableIRQ), (20 bytes).
    Removing uart.o(i.NVIC_EnableIRQ), (20 bytes).
    Removing uart.o(i.UART_ClearIntFlag), (80 bytes).
    Removing uart.o(i.UART_Close), (6 bytes).
    Removing uart.o(i.UART_DisableFlowCtrl), (12 bytes).
    Removing uart.o(i.UART_DisableInt), (40 bytes).
    Removing uart.o(i.UART_EnableFlowCtrl), (30 bytes).
    Removing uart.o(i.UART_EnableInt), (40 bytes).
    Removing uart.o(i.UART_Read), (50 bytes).
    Removing uart.o(i.UART_SelectIrDAMode), (140 bytes).
    Removing uart.o(i.UART_SelectLINMode), (26 bytes).
    Removing uart.o(i.UART_SelectRS485Mode), (32 bytes).
    Removing uart.o(i.UART_SetLine_Config), (152 bytes).
    Removing uart.o(i.UART_SetTimeoutCnt), (22 bytes).
    Removing wdt.o(.rev16_text), (4 bytes).
    Removing wdt.o(.revsh_text), (4 bytes).
    Removing wdt.o(i.WDT_Open), (28 bytes).
    Removing wwdt.o(.rev16_text), (4 bytes).
    Removing wwdt.o(.revsh_text), (4 bytes).
    Removing wwdt.o(i.WWDT_Open), (32 bytes).
    Removing startup_m051series.o(HEAP), (0 bytes).
    Removing system_m051series.o(.rev16_text), (4 bytes).
    Removing system_m051series.o(.revsh_text), (4 bytes).
    Removing realyctrl.o(.rev16_text), (4 bytes).
    Removing realyctrl.o(.revsh_text), (4 bytes).
    Removing realyctrl.o(i.GetHwAddrIint), (112 bytes).
    Removing realyctrl.o(i.KeyPool), (80 bytes).
    Removing realyctrl.o(i.KeyProc), (140 bytes).
    Removing realyctrl.o(i.KeyRead), (120 bytes).
    Removing realyctrl.o(i.RealyCtrl), (320 bytes).
    Removing realyctrl.o(i.RealyPoll), (108 bytes).
    Removing realyctrl.o(.bss), (32 bytes).
    Removing realyctrl.o(.data), (10 bytes).
    Removing uart3th.o(.rev16_text), (4 bytes).
    Removing uart3th.o(.revsh_text), (4 bytes).
    Removing uart3th.o(i.x3THPortSerialPutByte), (16 bytes).
    Removing hdt11.o(.rev16_text), (4 bytes).
    Removing hdt11.o(.revsh_text), (4 bytes).
    Removing si4432.o(.rev16_text), (4 bytes).
    Removing si4432.o(.revsh_text), (4 bytes).
    Removing gprs_usr_gm3.o(.rev16_text), (4 bytes).
    Removing gprs_usr_gm3.o(.revsh_text), (4 bytes).
    Removing gprs_usr_gm3.o(i.GprsConnectNetMode), (468 bytes).
    Removing gprs_usr_gm3.o(i.GprsInit), (36 bytes).
    Removing gprs_usr_gm3.o(i.GprsReciveEventPoll), (532 bytes).
    Removing gprs_usr_gm3.o(i.GprsSentEventPoll), (20 bytes).
    Removing gprs_usr_gm3.o(.data), (3 bytes).
    Removing blux_v30b.o(.rev16_text), (4 bytes).
    Removing blux_v30b.o(.revsh_text), (4 bytes).
    Removing blux_v30b.o(i.B_LUX_Delay5ms), (20 bytes).
    Removing blux_v30b.o(i.B_LUX_Init), (2 bytes).
    Removing blux_v30b.o(i.B_LUX_Multiple_read), (2 bytes).
    Removing blux_v30b.o(i.B_LUX_Single_Write), (2 bytes).
    Removing blux_v30b.o(i.I2C0_Close), (44 bytes).
    Removing blux_v30b.o(i.I2C_MasterRx), (280 bytes).
    Removing blux_v30b.o(i.I2C_MasterTx), (196 bytes).
    Removing fmc_data_flash.o(.rev16_text), (4 bytes).
    Removing fmc_data_flash.o(.revsh_text), (4 bytes).

230 unused section(s) (total 10775 bytes) removed from the image.

==============================================================================

Image Symbol Table

    Local Symbols

    Symbol Name                              Value     Ov Type        Size  Object(Section)

    RESET                                    0x00000000   Section      192  startup_m051series.o(RESET)
    ../../../cmprslib/zerorunl2.c            0x00000000   Number         0  __dczerorl2.o ABSOLUTE
    ../../microlib/d2f.c                     0x00000000   Number         0  d2f.o ABSOLUTE
    ../../microlib/division.c                0x00000000   Number         0  uidiv.o ABSOLUTE
    ../../microlib/f2d.c                     0x00000000   Number         0  f2d.o ABSOLUTE
    ../../microlib/fpepilogue.c              0x00000000   Number         0  depilogue.o ABSOLUTE
    ../../microlib/fpepilogue.c              0x00000000   Number         0  fepilogue.o ABSOLUTE
    ../../microlib/fpfix.c                   0x00000000   Number         0  ffixui.o ABSOLUTE
    ../../microlib/fpflt.c                   0x00000000   Number         0  ffltui.o ABSOLUTE
    ../../microlib/fpmul.c                   0x00000000   Number         0  dmul.o ABSOLUTE
    ../../microlib/init/entry.s              0x00000000   Number         0  entry2.o ABSOLUTE
    ../../microlib/init/entry.s              0x00000000   Number         0  entry7.o ABSOLUTE
    ../../microlib/init/entry.s              0x00000000   Number         0  entry5.o ABSOLUTE
    ../../microlib/init/entry.s              0x00000000   Number         0  entry.o ABSOLUTE
    ../../microlib/longlong.c                0x00000000   Number         0  llushr.o ABSOLUTE
    ../../microlib/longlong.c                0x00000000   Number         0  llshl.o ABSOLUTE
    ../../microlib/printf/stubs.s            0x00000000   Number         0  stubs.o ABSOLUTE
    ../../microlib/string/memcpy.c           0x00000000   Number         0  memcpya.o ABSOLUTE
    ../../microlib/string/memcpy.c           0x00000000   Number         0  memcpyb.o ABSOLUTE
    ../../microlib/string/strstr.c           0x00000000   Number         0  strstr.o ABSOLUTE
    ../../microlib/stubs.s                   0x00000000   Number         0  iusefp.o ABSOLUTE
    ..\HDT11\HDT11.c                         0x00000000   Number         0  hdt11.o ABSOLUTE
    ..\SI4432_Driver\SI4432.c                0x00000000   Number         0  si4432.o ABSOLUTE
    ..\SI4432_Driver\SI4432RFConfig.c        0x00000000   Number         0  si4432rfconfig.o ABSOLUTE
    ..\\HDT11\\HDT11.c                       0x00000000   Number         0  hdt11.o ABSOLUTE
    ..\\SI4432_Driver\\SI4432.c              0x00000000   Number         0  si4432.o ABSOLUTE
    ..\\chip_lib\\Device\\Nuvoton\\M051Series\\Source\\system_M051Series.c 0x00000000   Number         0  system_m051series.o ABSOLUTE
    ..\\chip_lib\\StdDriver\\src\\acmp.c     0x00000000   Number         0  acmp.o ABSOLUTE
    ..\\chip_lib\\StdDriver\\src\\adc.c      0x00000000   Number         0  adc.o ABSOLUTE
    ..\\chip_lib\\StdDriver\\src\\clk.c      0x00000000   Number         0  clk.o ABSOLUTE
    ..\\chip_lib\\StdDriver\\src\\ebi.c      0x00000000   Number         0  ebi.o ABSOLUTE
    ..\\chip_lib\\StdDriver\\src\\fmc.c      0x00000000   Number         0  fmc.o ABSOLUTE
    ..\\chip_lib\\StdDriver\\src\\gpio.c     0x00000000   Number         0  gpio.o ABSOLUTE
    ..\\chip_lib\\StdDriver\\src\\i2c.c      0x00000000   Number         0  i2c.o ABSOLUTE
    ..\\chip_lib\\StdDriver\\src\\pwm.c      0x00000000   Number         0  pwm.o ABSOLUTE
    ..\\chip_lib\\StdDriver\\src\\retarget.c 0x00000000   Number         0  retarget.o ABSOLUTE
    ..\\chip_lib\\StdDriver\\src\\spi.c      0x00000000   Number         0  spi.o ABSOLUTE
    ..\\chip_lib\\StdDriver\\src\\sys.c      0x00000000   Number         0  sys.o ABSOLUTE
    ..\\chip_lib\\StdDriver\\src\\timer.c    0x00000000   Number         0  timer.o ABSOLUTE
    ..\\chip_lib\\StdDriver\\src\\uart.c     0x00000000   Number         0  uart.o ABSOLUTE
    ..\\chip_lib\\StdDriver\\src\\wdt.c      0x00000000   Number         0  wdt.o ABSOLUTE
    ..\\chip_lib\\StdDriver\\src\\wwdt.c     0x00000000   Number         0  wwdt.o ABSOLUTE
    ..\\freemodbus-v1.6.0\\modbus\\functions\\btfunc.c 0x00000000   Number         0  btfunc.o ABSOLUTE
    ..\\freemodbus-v1.6.0\\modbus\\functions\\mbfuncother.c 0x00000000   Number         0  mbfuncother.o ABSOLUTE
    ..\\freemodbus-v1.6.0\\modbus\\functions\\mbutils.c 0x00000000   Number         0  mbutils.o ABSOLUTE
    ..\\freemodbus-v1.6.0\\modbus\\rtu\\mbrtu.c 0x00000000   Number         0  mbrtu.o ABSOLUTE
    ..\\freemodbus-v1.6.0\\port\\portserial.c 0x00000000   Number         0  portserial.o ABSOLUTE
    ..\\freemodbus-v1.6.0\\port\\porttimer.c 0x00000000   Number         0  porttimer.o ABSOLUTE
    ..\\user\\src\\BLUX_V30B.C               0x00000000   Number         0  blux_v30b.o ABSOLUTE
    ..\\user\\src\\FMC_DATA_FLASH.C          0x00000000   Number         0  fmc_data_flash.o ABSOLUTE
    ..\\user\\src\\GPRS_USR_GM3.c            0x00000000   Number         0  gprs_usr_gm3.o ABSOLUTE
    ..\\user\\src\\Uart3th.c                 0x00000000   Number         0  uart3th.o ABSOLUTE
    ..\\user\\src\\main.c                    0x00000000   Number         0  main.o ABSOLUTE
    ..\\user\\src\\realyctrl.c               0x00000000   Number         0  realyctrl.o ABSOLUTE
    ..\chip_lib\Device\Nuvoton\M051Series\Source\ARM\startup_M051Series.s 0x00000000   Number         0  startup_m051series.o ABSOLUTE
    ..\chip_lib\Device\Nuvoton\M051Series\Source\system_M051Series.c 0x00000000   Number         0  system_m051series.o ABSOLUTE
    ..\chip_lib\StdDriver\src\acmp.c         0x00000000   Number         0  acmp.o ABSOLUTE
    ..\chip_lib\StdDriver\src\adc.c          0x00000000   Number         0  adc.o ABSOLUTE
    ..\chip_lib\StdDriver\src\clk.c          0x00000000   Number         0  clk.o ABSOLUTE
    ..\chip_lib\StdDriver\src\ebi.c          0x00000000   Number         0  ebi.o ABSOLUTE
    ..\chip_lib\StdDriver\src\fmc.c          0x00000000   Number         0  fmc.o ABSOLUTE
    ..\chip_lib\StdDriver\src\gpio.c         0x00000000   Number         0  gpio.o ABSOLUTE
    ..\chip_lib\StdDriver\src\i2c.c          0x00000000   Number         0  i2c.o ABSOLUTE
    ..\chip_lib\StdDriver\src\pwm.c          0x00000000   Number         0  pwm.o ABSOLUTE
    ..\chip_lib\StdDriver\src\retarget.c     0x00000000   Number         0  retarget.o ABSOLUTE
    ..\chip_lib\StdDriver\src\spi.c          0x00000000   Number         0  spi.o ABSOLUTE
    ..\chip_lib\StdDriver\src\sys.c          0x00000000   Number         0  sys.o ABSOLUTE
    ..\chip_lib\StdDriver\src\timer.c        0x00000000   Number         0  timer.o ABSOLUTE
    ..\chip_lib\StdDriver\src\uart.c         0x00000000   Number         0  uart.o ABSOLUTE
    ..\chip_lib\StdDriver\src\wdt.c          0x00000000   Number         0  wdt.o ABSOLUTE
    ..\chip_lib\StdDriver\src\wwdt.c         0x00000000   Number         0  wwdt.o ABSOLUTE
    ..\freemodbus-v1.6.0\modbus\functions\btfunc.c 0x00000000   Number         0  btfunc.o ABSOLUTE
    ..\freemodbus-v1.6.0\modbus\functions\mbfunccoils.c 0x00000000   Number         0  mbfunccoils.o ABSOLUTE
    ..\freemodbus-v1.6.0\modbus\functions\mbfuncdiag.c 0x00000000   Number         0  mbfuncdiag.o ABSOLUTE
    ..\freemodbus-v1.6.0\modbus\functions\mbfuncdisc.c 0x00000000   Number         0  mbfuncdisc.o ABSOLUTE
    ..\freemodbus-v1.6.0\modbus\functions\mbfuncholding.c 0x00000000   Number         0  mbfuncholding.o ABSOLUTE
    ..\freemodbus-v1.6.0\modbus\functions\mbfuncinput.c 0x00000000   Number         0  mbfuncinput.o ABSOLUTE
    ..\freemodbus-v1.6.0\modbus\functions\mbfuncother.c 0x00000000   Number         0  mbfuncother.o ABSOLUTE
    ..\freemodbus-v1.6.0\modbus\functions\mbutils.c 0x00000000   Number         0  mbutils.o ABSOLUTE
    ..\freemodbus-v1.6.0\modbus\mb.c         0x00000000   Number         0  mb.o ABSOLUTE
    ..\freemodbus-v1.6.0\modbus\rtu\mbcrc.c  0x00000000   Number         0  mbcrc.o ABSOLUTE
    ..\freemodbus-v1.6.0\modbus\rtu\mbrtu.c  0x00000000   Number         0  mbrtu.o ABSOLUTE
    ..\freemodbus-v1.6.0\modbus\tcp\mbtcp.c  0x00000000   Number         0  mbtcp.o ABSOLUTE
    ..\freemodbus-v1.6.0\port\port.c         0x00000000   Number         0  port.o ABSOLUTE
    ..\freemodbus-v1.6.0\port\portevent.c    0x00000000   Number         0  portevent.o ABSOLUTE
    ..\freemodbus-v1.6.0\port\portserial.c   0x00000000   Number         0  portserial.o ABSOLUTE
    ..\freemodbus-v1.6.0\port\porttimer.c    0x00000000   Number         0  porttimer.o ABSOLUTE
    ..\freemodbus-v1.6.0\port\user_mb_app.c  0x00000000   Number         0  user_mb_app.o ABSOLUTE
    ..\user\src\BLUX_V30B.C                  0x00000000   Number         0  blux_v30b.o ABSOLUTE
    ..\user\src\FMC_DATA_FLASH.C             0x00000000   Number         0  fmc_data_flash.o ABSOLUTE
    ..\user\src\GPRS_USR_GM3.c               0x00000000   Number         0  gprs_usr_gm3.o ABSOLUTE
    ..\user\src\Uart3th.c                    0x00000000   Number         0  uart3th.o ABSOLUTE
    ..\user\src\main.c                       0x00000000   Number         0  main.o ABSOLUTE
    ..\user\src\realyctrl.c                  0x00000000   Number         0  realyctrl.o ABSOLUTE
    dc.s                                     0x00000000   Number         0  dc.o ABSOLUTE
    handlers.s                               0x00000000   Number         0  handlers.o ABSOLUTE
    init.s                                   0x00000000   Number         0  init.o ABSOLUTE
    .ARM.Collect$$$$00000000                 0x000000c0   Section        0  entry.o(.ARM.Collect$$$$00000000)
    .ARM.Collect$$$$00000001                 0x000000c0   Section        4  entry2.o(.ARM.Collect$$$$00000001)
    .ARM.Collect$$$$00000004                 0x000000c4   Section        4  entry5.o(.ARM.Collect$$$$00000004)
    .ARM.Collect$$$$00000007                 0x000000c8   Section        8  entry7.o(.ARM.Collect$$$$00000007)
    .ARM.Collect$$$$00002712                 0x000000d0   Section        4  entry2.o(.ARM.Collect$$$$00002712)
    __lit__00000000                          0x000000d0   Data           4  entry2.o(.ARM.Collect$$$$00002712)
    .text                                    0x000000d4   Section       76  startup_m051series.o(.text)
    Default_Handler                          0x000000ff   Thumb Code     2  startup_m051series.o(.text)
    .text                                    0x00000120   Section        0  uidiv.o(.text)
    .text                                    0x0000014c   Section        0  memcpya.o(.text)
    .text                                    0x00000170   Section        0  dmul.o(.text)
    .text                                    0x00000244   Section        0  ffltui.o(.text)
    .text                                    0x00000252   Section        0  ffixui.o(.text)
    .text                                    0x0000027c   Section        0  f2d.o(.text)
    .text                                    0x000002a2   Section        0  d2f.o(.text)
    .text                                    0x000002e2   Section        0  iusefp.o(.text)
    .text                                    0x000002e2   Section        0  fepilogue.o(.text)
    .text                                    0x00000366   Section        0  depilogue.o(.text)
    .text                                    0x0000045c   Section       36  init.o(.text)
    .text                                    0x00000480   Section        0  llshl.o(.text)
    .text                                    0x000004a2   Section        0  llushr.o(.text)
    .text                                    0x000004c2   Section        0  __dczerorl2.o(.text)
    i.B_LUX_Delay5us                         0x0000051a   Section        0  blux_v30b.o(i.B_LUX_Delay5us)
    i.B_LUX_GetLux                           0x00000524   Section        0  blux_v30b.o(i.B_LUX_GetLux)
    i.B_LUX_RecvACK                          0x000005fc   Section        0  blux_v30b.o(i.B_LUX_RecvACK)
    i.B_LUX_RecvByte                         0x00000628   Section        0  blux_v30b.o(i.B_LUX_RecvByte)
    i.B_LUX_SendACK                          0x00000668   Section        0  blux_v30b.o(i.B_LUX_SendACK)
    i.B_LUX_SendByte                         0x000006a0   Section        0  blux_v30b.o(i.B_LUX_SendByte)
    i.B_LUX_Start                            0x000006ec   Section        0  blux_v30b.o(i.B_LUX_Start)
    i.B_LUX_Stop                             0x00000710   Section        0  blux_v30b.o(i.B_LUX_Stop)
    i.B_LUX_delay_nms                        0x0000073c   Section        0  blux_v30b.o(i.B_LUX_delay_nms)
    i.Blux_v3bPoll                           0x00000758   Section        0  blux_v30b.o(i.Blux_v3bPoll)
    i.CLK_EnableModuleClock                  0x00000798   Section        0  clk.o(i.CLK_EnableModuleClock)
    i.CLK_GetPLLClockFreq                    0x000007b8   Section        0  uart.o(i.CLK_GetPLLClockFreq)
    CLK_GetPLLClockFreq                      0x000007b9   Thumb Code   106  uart.o(i.CLK_GetPLLClockFreq)
    i.CLK_GetPLLClockFreq                    0x00000834   Section        0  system_m051series.o(i.CLK_GetPLLClockFreq)
    CLK_GetPLLClockFreq                      0x00000835   Thumb Code   106  system_m051series.o(i.CLK_GetPLLClockFreq)
    i.CLK_SetModuleClock                     0x000008b0   Section        0  clk.o(i.CLK_SetModuleClock)
    i.CLK_WaitClockReady                     0x0000090c   Section        0  clk.o(i.CLK_WaitClockReady)
    i.Check_si4432_HW                        0x00000930   Section        0  si4432.o(i.Check_si4432_HW)
    i.Co2EventPoll                           0x00000948   Section        0  uart3th.o(i.Co2EventPoll)
    i.Co2Init                                0x000009c4   Section        0  uart3th.o(i.Co2Init)
    i.Co2SendCmd                             0x00000a2c   Section        0  uart3th.o(i.Co2SendCmd)
    i.DHT11EventPoll                         0x00000a74   Section        0  hdt11.o(i.DHT11EventPoll)
    i.Delayms                                0x00000ab4   Section        0  hdt11.o(i.Delayms)
    i.DrvSYS_Delay                           0x00000acc   Section        0  main.o(i.DrvSYS_Delay)
    i.EnterCriticalSection                   0x00000af8   Section        0  port.o(i.EnterCriticalSection)
    i.ExitCriticalSection                    0x00000afc   Section        0  port.o(i.ExitCriticalSection)
    i.FMC_Close                              0x00000b00   Section        0  fmc.o(i.FMC_Close)
    i.FMC_EraseData                          0x00000b14   Section        0  fmc_data_flash.o(i.FMC_EraseData)
    i.FMC_Open                               0x00000b50   Section        0  fmc.o(i.FMC_Open)
    i.FMC_ReadData                           0x00000b64   Section        0  fmc_data_flash.o(i.FMC_ReadData)
    i.FMC_WriteData                          0x00000b90   Section        0  fmc_data_flash.o(i.FMC_WriteData)
    i.GPIO_SetMode                           0x00000bbc   Section        0  gpio.o(i.GPIO_SetMode)
    i.HWRealyInit                            0x00000be6   Section        0  realyctrl.o(i.HWRealyInit)
    i.I2C1_IRQHandler                        0x00000be8   Section        0  blux_v30b.o(i.I2C1_IRQHandler)
    i.I2C_ClearTimeoutFlag                   0x00000c20   Section        0  i2c.o(i.I2C_ClearTimeoutFlag)
    i.InitBLUX_V30                           0x00000c2c   Section        0  blux_v30b.o(i.InitBLUX_V30)
    i.InitSlaveAddr                          0x00000c54   Section        0  fmc_data_flash.o(i.InitSlaveAddr)
    i.NVIC_EnableIRQ                         0x00000cdc   Section        0  porttimer.o(i.NVIC_EnableIRQ)
    NVIC_EnableIRQ                           0x00000cdd   Thumb Code    14  porttimer.o(i.NVIC_EnableIRQ)
    i.NVIC_EnableIRQ                         0x00000cf0   Section        0  uart3th.o(i.NVIC_EnableIRQ)
    NVIC_EnableIRQ                           0x00000cf1   Thumb Code    14  uart3th.o(i.NVIC_EnableIRQ)
    i.NVIC_SetPriority                       0x00000d04   Section        0  portserial.o(i.NVIC_SetPriority)
    NVIC_SetPriority                         0x00000d05   Thumb Code   110  portserial.o(i.NVIC_SetPriority)
    i.NVIC_SetPriority                       0x00000d7c   Section        0  porttimer.o(i.NVIC_SetPriority)
    NVIC_SetPriority                         0x00000d7d   Thumb Code   110  porttimer.o(i.NVIC_SetPriority)
    i.NVIC_SetPriority                       0x00000df4   Section        0  uart3th.o(i.NVIC_SetPriority)
    NVIC_SetPriority                         0x00000df5   Thumb Code   110  uart3th.o(i.NVIC_SetPriority)
    i.ProcesBoadcast                         0x00000e6c   Section        0  si4432.o(i.ProcesBoadcast)
    i.ProcesMyselfFun                        0x00000ebc   Section        0  si4432.o(i.ProcesMyselfFun)
    i.RE_RSSI                                0x00000f48   Section        0  si4432.o(i.RE_RSSI)
    i.Read_8byte_data                        0x00000f60   Section        0  hdt11.o(i.Read_8byte_data)
    i.Read_HDT11                             0x00000fac   Section        0  hdt11.o(i.Read_HDT11)
    i.SI4432_init                            0x00001030   Section        0  si4432.o(i.SI4432_init)
    i.SYS_Init                               0x0000108c   Section        0  main.o(i.SYS_Init)
    i.SYS_ResetCPU                           0x000010f8   Section        0  sys.o(i.SYS_ResetCPU)
    i.SYS_ResetModule                        0x0000110c   Section        0  sys.o(i.SYS_ResetModule)
    i.SYS_UnlockReg                          0x0000113c   Section        0  fmc_data_flash.o(i.SYS_UnlockReg)
    SYS_UnlockReg                            0x0000113d   Thumb Code    26  fmc_data_flash.o(i.SYS_UnlockReg)
    i.SaveUserSlaveAddr                      0x0000115c   Section        0  fmc_data_flash.o(i.SaveUserSlaveAddr)
    i.SaveUserSlaveRfChl                     0x000011b8   Section        0  fmc_data_flash.o(i.SaveUserSlaveRfChl)
    i.Si4432RegisterSetV26                   0x00001218   Section        0  si4432.o(i.Si4432RegisterSetV26)
    i.Si4432Thread                           0x00001570   Section        0  si4432.o(i.Si4432Thread)
    i.SlaveAddrPoll                          0x00001610   Section        0  fmc_data_flash.o(i.SlaveAddrPoll)
    i.SystemCoreClockUpdate                  0x00001690   Section        0  system_m051series.o(i.SystemCoreClockUpdate)
    i.SystemInit                             0x000016f4   Section        0  system_m051series.o(i.SystemInit)
    i.TIMER_EnableInt                        0x000016f6   Section        0  porttimer.o(i.TIMER_EnableInt)
    TIMER_EnableInt                          0x000016f7   Thumb Code    12  porttimer.o(i.TIMER_EnableInt)
    i.TIMER_GetModuleClock                   0x00001704   Section        0  timer.o(i.TIMER_GetModuleClock)
    i.TIMER_Open                             0x00001788   Section        0  timer.o(i.TIMER_Open)
    i.TIMER_Start                            0x000017fc   Section        0  porttimer.o(i.TIMER_Start)
    TIMER_Start                              0x000017fd   Thumb Code    12  porttimer.o(i.TIMER_Start)
    i.TMR1_IRQHandler                        0x00001808   Section        0  porttimer.o(i.TMR1_IRQHandler)
    i.TMR2_IRQHandler                        0x00001864   Section        0  uart3th.o(i.TMR2_IRQHandler)
    i.UART0_IRQHandler                       0x000018e8   Section        0  portserial.o(i.UART0_IRQHandler)
    i.UART1_IRQHandler                       0x00001914   Section        0  uart3th.o(i.UART1_IRQHandler)
    i.UART_Open                              0x00001950   Section        0  uart.o(i.UART_Open)
    i.UART_Write                             0x000019e4   Section        0  uart.o(i.UART_Write)
    i.__ARM_clz                              0x00001a16   Section        0  depilogue.o(i.__ARM_clz)
    i.__ARM_common_switch8                   0x00001a44   Section        0  mb.o(i.__ARM_common_switch8)
    i.__scatterload_copy                     0x00001a5e   Section       14  handlers.o(i.__scatterload_copy)
    i.__scatterload_null                     0x00001a6c   Section        2  handlers.o(i.__scatterload_null)
    i.__scatterload_zeroinit                 0x00001a6e   Section       14  handlers.o(i.__scatterload_zeroinit)
    i.clr_interruput_si4432                  0x00001a7c   Section        0  si4432.o(i.clr_interruput_si4432)
    i.crc_ccitt                              0x00001a90   Section        0  mbcrc.o(i.crc_ccitt)
    i.eBTFuncReadHoldingRegister             0x00001abc   Section        0  btfunc.o(i.eBTFuncReadHoldingRegister)
    i.eMBEnable                              0x00001b50   Section        0  mb.o(i.eMBEnable)
    i.eMBFuncReadCoils                       0x00001b78   Section        0  mbfunccoils.o(i.eMBFuncReadCoils)
    i.eMBFuncReadDiscreteInputs              0x00001c36   Section        0  mbfuncdisc.o(i.eMBFuncReadDiscreteInputs)
    i.eMBFuncReadHoldingRegister             0x00001cf2   Section        0  mbfuncholding.o(i.eMBFuncReadHoldingRegister)
    i.eMBFuncReadInputRegister               0x00001d7e   Section        0  mbfuncinput.o(i.eMBFuncReadInputRegister)
    i.eMBFuncReadWriteMultipleHoldingRegister 0x00001e0a   Section        0  mbfuncholding.o(i.eMBFuncReadWriteMultipleHoldingRegister)
    i.eMBFuncReportSlaveID                   0x00001ef4   Section        0  mbfuncother.o(i.eMBFuncReportSlaveID)
    i.eMBFuncWriteCoil                       0x00001f1c   Section        0  mbfunccoils.o(i.eMBFuncWriteCoil)
    i.eMBFuncWriteHoldingRegister            0x00001f8c   Section        0  mbfuncholding.o(i.eMBFuncWriteHoldingRegister)
    i.eMBFuncWriteMultipleCoils              0x00001fcc   Section        0  mbfunccoils.o(i.eMBFuncWriteMultipleCoils)
    i.eMBFuncWriteMultipleHoldingRegister    0x00002064   Section        0  mbfuncholding.o(i.eMBFuncWriteMultipleHoldingRegister)
    i.eMBInit                                0x000020d0   Section        0  mb.o(i.eMBInit)
    i.eMBPoll                                0x0000219c   Section        0  mb.o(i.eMBPoll)
    i.eMBRTUInit                             0x000023ac   Section        0  mbrtu.o(i.eMBRTUInit)
    i.eMBRTUReceive                          0x00002400   Section        0  mbrtu.o(i.eMBRTUReceive)
    i.eMBRTUSend                             0x0000246c   Section        0  mbrtu.o(i.eMBRTUSend)
    i.eMBRTUStart                            0x000024f4   Section        0  mbrtu.o(i.eMBRTUStart)
    i.eMBRTUStop                             0x00002518   Section        0  mbrtu.o(i.eMBRTUStop)
    i.eMBRegCoilsCB                          0x00002530   Section        0  user_mb_app.o(i.eMBRegCoilsCB)
    i.eMBRegDiscreteCB                       0x0000268c   Section        0  user_mb_app.o(i.eMBRegDiscreteCB)
    i.eMBRegHoldingCB                        0x000027dc   Section        0  user_mb_app.o(i.eMBRegHoldingCB)
    i.eMBRegInputCB                          0x0000289c   Section        0  user_mb_app.o(i.eMBRegInputCB)
    i.initsi4432                             0x00002944   Section        0  si4432.o(i.initsi4432)
    i.main                                   0x000029a4   Section        0  main.o(i.main)
    i.peBTFrameSendCur                       0x00002a2c   Section        0  mbrtu.o(i.peBTFrameSendCur)
    i.prveMBError2Exception                  0x00002b0c   Section        0  mbutils.o(i.prveMBError2Exception)
    i.prvvTIMERExpiredISR                    0x00002b30   Section        0  porttimer.o(i.prvvTIMERExpiredISR)
    prvvTIMERExpiredISR                      0x00002b31   Thumb Code    10  porttimer.o(i.prvvTIMERExpiredISR)
    i.prvvUARTRxISR                          0x00002b40   Section        0  portserial.o(i.prvvUARTRxISR)
    prvvUARTRxISR                            0x00002b41   Thumb Code    10  portserial.o(i.prvvUARTRxISR)
    i.prvvUARTTxReadyISR                     0x00002b50   Section        0  portserial.o(i.prvvUARTTxReadyISR)
    prvvUARTTxReadyISR                       0x00002b51   Thumb Code    10  portserial.o(i.prvvUARTTxReadyISR)
    i.rx_data                                0x00002b60   Section        0  si4432.o(i.rx_data)
    i.save_rec_data                          0x00002bc0   Section        0  si4432.o(i.save_rec_data)
    i.spi_byte                               0x00002c30   Section        0  si4432.o(i.spi_byte)
    i.spi_rw                                 0x00002c78   Section        0  si4432.o(i.spi_rw)
    i.tx_data                                0x00002d04   Section        0  si4432.o(i.tx_data)
    i.ucMBMasterGetDestAddress               0x00002e0c   Section        0  user_mb_app.o(i.ucMBMasterGetDestAddress)
    i.usMBCRC16                              0x00002e10   Section        0  mbcrc.o(i.usMBCRC16)
    i.vMBPortSerialEnable                    0x00002e44   Section        0  portserial.o(i.vMBPortSerialEnable)
    i.vMBPortTimersDisable                   0x00002e88   Section        0  porttimer.o(i.vMBPortTimersDisable)
    i.vMBPortTimersEnable                    0x00002eb4   Section        0  porttimer.o(i.vMBPortTimersEnable)
    i.x3THPortSerialGetByte                  0x00002ee4   Section        0  uart3th.o(i.x3THPortSerialGetByte)
    i.x3THPortSerialInit                     0x00002ef4   Section        0  uart3th.o(i.x3THPortSerialInit)
    i.x3THPortTimersDisable                  0x00002f50   Section        0  uart3th.o(i.x3THPortTimersDisable)
    i.x3THPortTimersEnable                   0x00002f64   Section        0  uart3th.o(i.x3THPortTimersEnable)
    i.x3THPortTimersInit                     0x00002f7c   Section        0  uart3th.o(i.x3THPortTimersInit)
    i.xMBMasterGetCBRunInMasterMode          0x00002fd4   Section        0  user_mb_app.o(i.xMBMasterGetCBRunInMasterMode)
    i.xMBPortEventGet                        0x00002fd8   Section        0  portevent.o(i.xMBPortEventGet)
    i.xMBPortEventInit                       0x00002ffc   Section        0  portevent.o(i.xMBPortEventInit)
    i.xMBPortEventPost                       0x0000300c   Section        0  portevent.o(i.xMBPortEventPost)
    i.xMBPortSerialGetByte                   0x00003020   Section        0  portserial.o(i.xMBPortSerialGetByte)
    i.xMBPortSerialInit                      0x00003030   Section        0  portserial.o(i.xMBPortSerialInit)
    i.xMBPortSerialPutByte                   0x00003098   Section        0  portserial.o(i.xMBPortSerialPutByte)
    i.xMBPortTimersInit                      0x000030a8   Section        0  porttimer.o(i.xMBPortTimersInit)
    i.xMBRTUReceiveFSM                       0x000030e8   Section        0  mbrtu.o(i.xMBRTUReceiveFSM)
    i.xMBRTUTimerT35Expired                  0x00003178   Section        0  mbrtu.o(i.xMBRTUTimerT35Expired)
    i.xMBRTUTransmitFSM                      0x000031bc   Section        0  mbrtu.o(i.xMBRTUTransmitFSM)
    i.xMBUtilGetBits                         0x0000322c   Section        0  mbutils.o(i.xMBUtilGetBits)
    i.xMBUtilSetBits                         0x0000325a   Section        0  mbutils.o(i.xMBUtilSetBits)
    .constdata                               0x000032aa   Section     1024  mbcrc.o(.constdata)
    aucCRCHi                                 0x000032aa   Data         256  mbcrc.o(.constdata)
    aucCRCLo                                 0x000033aa   Data         256  mbcrc.o(.constdata)
    ccitt_table                              0x000034aa   Data         512  mbcrc.o(.constdata)
    .constdata                               0x000036ac   Section       32  timer.o(.constdata)
    .constdata                               0x000036cc   Section       48  uart.o(.constdata)
    .constdata                               0x000036fc   Section       32  system_m051series.o(.constdata)
    .data                                    0x20000000   Section        1  main.o(.data)
    .data                                    0x20000001   Section        2  portevent.o(.data)
    eQueuedEvent                             0x20000001   Data           1  portevent.o(.data)
    xEventInQueue                            0x20000002   Data           1  portevent.o(.data)
    .data                                    0x20000004   Section       10  porttimer.o(.data)
    MBTimerout50us                           0x2000000c   Data           2  porttimer.o(.data)
    .data                                    0x20000010   Section       34  user_mb_app.o(.data)
    .data                                    0x20000034   Section       12  mbrtu.o(.data)
    eSndState                                0x20000034   Data           1  mbrtu.o(.data)
    eRcvState                                0x20000035   Data           1  mbrtu.o(.data)
    pucSndBufferCur                          0x20000038   Data           4  mbrtu.o(.data)
    usSndBufferCount                         0x2000003c   Data           2  mbrtu.o(.data)
    usRcvBufferPos                           0x2000003e   Data           2  mbrtu.o(.data)
    .data                                    0x20000040   Section        2  mbfuncother.o(.data)
    usMBSlaveIDLen                           0x20000040   Data           2  mbfuncother.o(.data)
    .data                                    0x20000044   Section      184  mb.o(.data)
    eMBState                                 0x20000044   Data           1  mb.o(.data)
    xFuncHandlers                            0x20000048   Data         128  mb.o(.data)
    ucMBFrame                                0x200000c8   Data           4  mb.o(.data)
    ucRcvAddress                             0x200000cc   Data           1  mb.o(.data)
    ucFunctionCode                           0x200000cd   Data           1  mb.o(.data)
    usLength                                 0x200000ce   Data           2  mb.o(.data)
    eException                               0x200000d0   Data           1  mb.o(.data)
    ucMBAddress                              0x200000d1   Data           1  mb.o(.data)
    eMBCurrentMode                           0x200000d2   Data           1  mb.o(.data)
    peMBFrameSendCur                         0x200000d4   Data           4  mb.o(.data)
    pvMBFrameStartCur                        0x200000d8   Data           4  mb.o(.data)
    pvMBFrameStopCur                         0x200000dc   Data           4  mb.o(.data)
    peMBFrameReceiveCur                      0x200000e0   Data           4  mb.o(.data)
    pvMBFrameCloseCur                        0x200000e4   Data           4  mb.o(.data)
    .data                                    0x200000fc   Section       12  system_m051series.o(.data)
    .data                                    0x20000108   Section       26  uart3th.o(.data)
    t                                        0x2000011c   Data           4  uart3th.o(.data)
    MBTime2rout50us                          0x20000120   Data           2  uart3th.o(.data)
    .data                                    0x20000124   Section        4  hdt11.o(.data)
    .data                                    0x20000128   Section        7  si4432.o(.data)
    .data                                    0x20000130   Section       28  blux_v30b.o(.data)
    s_I2C1HandlerFn                          0x20000134   Data           4  blux_v30b.o(.data)
    .data                                    0x2000014c   Section        4  fmc_data_flash.o(.data)
    newid                                    0x2000014c   Data           1  fmc_data_flash.o(.data)
    oldid                                    0x2000014d   Data           1  fmc_data_flash.o(.data)
    newch                                    0x2000014e   Data           1  fmc_data_flash.o(.data)
    oldch                                    0x2000014f   Data           1  fmc_data_flash.o(.data)
    .bss                                     0x20000150   Section      608  user_mb_app.o(.bss)
    .bss                                     0x200003b0   Section      256  mbrtu.o(.bss)
    .bss                                     0x200004b0   Section       32  mbfuncother.o(.bss)
    ucMBSlaveID                              0x200004b0   Data          32  mbfuncother.o(.bss)
    .bss                                     0x200004d0   Section      128  uart3th.o(.bss)
    .bss                                     0x20000550   Section      128  si4432.o(.bss)
    .bss                                     0x200005d0   Section      129  blux_v30b.o(.bss)
    STACK                                    0x20000658   Section      512  startup_m051series.o(STACK)

    Global Symbols

    Symbol Name                              Value     Ov Type        Size  Object(Section)

    BuildAttributes$$THM_ISAv3M$S$PE$A:L22$X:L11$S22$IEEE1$IW$USESV6$~STKCKD$USESV7$~SHL$OTIME$ROPI$EBA8$MICROLIB$REQ8$PRES8$EABIv2 0x00000000   Number         0  anon$$obj.o ABSOLUTE
    __ARM_use_no_argv                        0x00000000   Number         0  main.o ABSOLUTE
    __Vectors                                0x00000000   Data           4  startup_m051series.o(RESET)
    _printf_a                                0x00000000   Number         0  stubs.o ABSOLUTE
    _printf_c                                0x00000000   Number         0  stubs.o ABSOLUTE
    _printf_charcount                        0x00000000   Number         0  stubs.o ABSOLUTE
    _printf_d                                0x00000000   Number         0  stubs.o ABSOLUTE
    _printf_e                                0x00000000   Number         0  stubs.o ABSOLUTE
    _printf_f                                0x00000000   Number         0  stubs.o ABSOLUTE
    _printf_flags                            0x00000000   Number         0  stubs.o ABSOLUTE
    _printf_fp_dec                           0x00000000   Number         0  stubs.o ABSOLUTE
    _printf_fp_hex                           0x00000000   Number         0  stubs.o ABSOLUTE
    _printf_g                                0x00000000   Number         0  stubs.o ABSOLUTE
    _printf_i                                0x00000000   Number         0  stubs.o ABSOLUTE
    _printf_int_dec                          0x00000000   Number         0  stubs.o ABSOLUTE
    _printf_l                                0x00000000   Number         0  stubs.o ABSOLUTE
    _printf_lc                               0x00000000   Number         0  stubs.o ABSOLUTE
    _printf_ll                               0x00000000   Number         0  stubs.o ABSOLUTE
    _printf_lld                              0x00000000   Number         0  stubs.o ABSOLUTE
    _printf_lli                              0x00000000   Number         0  stubs.o ABSOLUTE
    _printf_llo                              0x00000000   Number         0  stubs.o ABSOLUTE
    _printf_llu                              0x00000000   Number         0  stubs.o ABSOLUTE
    _printf_llx                              0x00000000   Number         0  stubs.o ABSOLUTE
    _printf_longlong_dec                     0x00000000   Number         0  stubs.o ABSOLUTE
    _printf_longlong_hex                     0x00000000   Number         0  stubs.o ABSOLUTE
    _printf_longlong_oct                     0x00000000   Number         0  stubs.o ABSOLUTE
    _printf_ls                               0x00000000   Number         0  stubs.o ABSOLUTE
    _printf_mbtowc                           0x00000000   Number         0  stubs.o ABSOLUTE
    _printf_n                                0x00000000   Number         0  stubs.o ABSOLUTE
    _printf_o                                0x00000000   Number         0  stubs.o ABSOLUTE
    _printf_p                                0x00000000   Number         0  stubs.o ABSOLUTE
    _printf_percent                          0x00000000   Number         0  stubs.o ABSOLUTE
    _printf_pre_padding                      0x00000000   Number         0  stubs.o ABSOLUTE
    _printf_return_value                     0x00000000   Number         0  stubs.o ABSOLUTE
    _printf_s                                0x00000000   Number         0  stubs.o ABSOLUTE
    _printf_sizespec                         0x00000000   Number         0  stubs.o ABSOLUTE
    _printf_str                              0x00000000   Number         0  stubs.o ABSOLUTE
    _printf_truncate_signed                  0x00000000   Number         0  stubs.o ABSOLUTE
    _printf_truncate_unsigned                0x00000000   Number         0  stubs.o ABSOLUTE
    _printf_u                                0x00000000   Number         0  stubs.o ABSOLUTE
    _printf_wc                               0x00000000   Number         0  stubs.o ABSOLUTE
    _printf_wctomb                           0x00000000   Number         0  stubs.o ABSOLUTE
    _printf_widthprec                        0x00000000   Number         0  stubs.o ABSOLUTE
    _printf_x                                0x00000000   Number         0  stubs.o ABSOLUTE
    __main                                   0x000000c1   Thumb Code     0  entry.o(.ARM.Collect$$$$00000000)
    _main_stk                                0x000000c1   Thumb Code     0  entry2.o(.ARM.Collect$$$$00000001)
    _main_scatterload                        0x000000c5   Thumb Code     0  entry5.o(.ARM.Collect$$$$00000004)
    __main_after_scatterload                 0x000000c9   Thumb Code     0  entry5.o(.ARM.Collect$$$$00000004)
    _main_init                               0x000000c9   Thumb Code     0  entry7.o(.ARM.Collect$$$$00000007)
    Reset_Handler                            0x000000d5   Thumb Code    32  startup_m051series.o(.text)
    NMI_Handler                              0x000000f5   Thumb Code     2  startup_m051series.o(.text)
    HardFault_Handler                        0x000000f7   Thumb Code     2  startup_m051series.o(.text)
    SVC_Handler                              0x000000f9   Thumb Code     2  startup_m051series.o(.text)
    PendSV_Handler                           0x000000fb   Thumb Code     2  startup_m051series.o(.text)
    SysTick_Handler                          0x000000fd   Thumb Code     2  startup_m051series.o(.text)
    ACMP01_IRQHandler                        0x000000ff   Thumb Code     0  startup_m051series.o(.text)
    ACMP23_IRQHandler                        0x000000ff   Thumb Code     0  startup_m051series.o(.text)
    ADC_IRQHandler                           0x000000ff   Thumb Code     0  startup_m051series.o(.text)
    BOD_IRQHandler                           0x000000ff   Thumb Code     0  startup_m051series.o(.text)
    EINT0_IRQHandler                         0x000000ff   Thumb Code     0  startup_m051series.o(.text)
    EINT1_IRQHandler                         0x000000ff   Thumb Code     0  startup_m051series.o(.text)
    GPIOP0P1_IRQHandler                      0x000000ff   Thumb Code     0  startup_m051series.o(.text)
    GPIOP2P3P4_IRQHandler                    0x000000ff   Thumb Code     0  startup_m051series.o(.text)
    I2C0_IRQHandler                          0x000000ff   Thumb Code     0  startup_m051series.o(.text)
    PWMA_IRQHandler                          0x000000ff   Thumb Code     0  startup_m051series.o(.text)
    PWMB_IRQHandler                          0x000000ff   Thumb Code     0  startup_m051series.o(.text)
    PWRWU_IRQHandler                         0x000000ff   Thumb Code     0  startup_m051series.o(.text)
    RTC_IRQHandler                           0x000000ff   Thumb Code     0  startup_m051series.o(.text)
    SPI0_IRQHandler                          0x000000ff   Thumb Code     0  startup_m051series.o(.text)
    SPI1_IRQHandler                          0x000000ff   Thumb Code     0  startup_m051series.o(.text)
    TMR0_IRQHandler                          0x000000ff   Thumb Code     0  startup_m051series.o(.text)
    TMR3_IRQHandler                          0x000000ff   Thumb Code     0  startup_m051series.o(.text)
    WDT_IRQHandler                           0x000000ff   Thumb Code     0  startup_m051series.o(.text)
    __aeabi_uidiv                            0x00000121   Thumb Code     0  uidiv.o(.text)
    __aeabi_uidivmod                         0x00000121   Thumb Code    44  uidiv.o(.text)
    __aeabi_memcpy                           0x0000014d   Thumb Code    36  memcpya.o(.text)
    __aeabi_memcpy4                          0x0000014d   Thumb Code     0  memcpya.o(.text)
    __aeabi_memcpy8                          0x0000014d   Thumb Code     0  memcpya.o(.text)
    __aeabi_dmul                             0x00000171   Thumb Code   206  dmul.o(.text)
    __aeabi_ui2f                             0x00000245   Thumb Code    14  ffltui.o(.text)
    __aeabi_f2uiz                            0x00000253   Thumb Code    42  ffixui.o(.text)
    __aeabi_f2d                              0x0000027d   Thumb Code    38  f2d.o(.text)
    __aeabi_d2f                              0x000002a3   Thumb Code    64  d2f.o(.text)
    __I$use$fp                               0x000002e3   Thumb Code     0  iusefp.o(.text)
    _float_round                             0x000002e3   Thumb Code    16  fepilogue.o(.text)
    _float_epilogue                          0x000002f3   Thumb Code   116  fepilogue.o(.text)
    _double_round                            0x00000367   Thumb Code    58  depilogue.o(.text)
    _double_epilogue                         0x000003a1   Thumb Code   188  depilogue.o(.text)
    __scatterload                            0x0000045d   Thumb Code    28  init.o(.text)
    __scatterload_rt2                        0x0000045d   Thumb Code     0  init.o(.text)
    __aeabi_llsl                             0x00000481   Thumb Code    34  llshl.o(.text)
    _ll_shift_l                              0x00000481   Thumb Code     0  llshl.o(.text)
    __aeabi_llsr                             0x000004a3   Thumb Code    32  llushr.o(.text)
    _ll_ushift_r                             0x000004a3   Thumb Code     0  llushr.o(.text)
    __decompress                             0x000004c3   Thumb Code     0  __dczerorl2.o(.text)
    __decompress1                            0x000004c3   Thumb Code    88  __dczerorl2.o(.text)
    B_LUX_Delay5us                           0x0000051b   Thumb Code    10  blux_v30b.o(i.B_LUX_Delay5us)
    B_LUX_GetLux                             0x00000525   Thumb Code   200  blux_v30b.o(i.B_LUX_GetLux)
    B_LUX_RecvACK                            0x000005fd   Thumb Code    38  blux_v30b.o(i.B_LUX_RecvACK)
    B_LUX_RecvByte                           0x00000629   Thumb Code    58  blux_v30b.o(i.B_LUX_RecvByte)
    B_LUX_SendACK                            0x00000669   Thumb Code    50  blux_v30b.o(i.B_LUX_SendACK)
    B_LUX_SendByte                           0x000006a1   Thumb Code    70  blux_v30b.o(i.B_LUX_SendByte)
    B_LUX_Start                              0x000006ed   Thumb Code    32  blux_v30b.o(i.B_LUX_Start)
    B_LUX_Stop                               0x00000711   Thumb Code    38  blux_v30b.o(i.B_LUX_Stop)
    B_LUX_delay_nms                          0x0000073d   Thumb Code    26  blux_v30b.o(i.B_LUX_delay_nms)
    Blux_v3bPoll                             0x00000759   Thumb Code    52  blux_v30b.o(i.Blux_v3bPoll)
    CLK_EnableModuleClock                    0x00000799   Thumb Code    28  clk.o(i.CLK_EnableModuleClock)
    CLK_SetModuleClock                       0x000008b1   Thumb Code    88  clk.o(i.CLK_SetModuleClock)
    CLK_WaitClockReady                       0x0000090d   Thumb Code    28  clk.o(i.CLK_WaitClockReady)
    Check_si4432_HW                          0x00000931   Thumb Code    24  si4432.o(i.Check_si4432_HW)
    Co2EventPoll                             0x00000949   Thumb Code   106  uart3th.o(i.Co2EventPoll)
    Co2Init                                  0x000009c5   Thumb Code    62  uart3th.o(i.Co2Init)
    Co2SendCmd                               0x00000a2d   Thumb Code    48  uart3th.o(i.Co2SendCmd)
    DHT11EventPoll                           0x00000a75   Thumb Code    52  hdt11.o(i.DHT11EventPoll)
    Delayms                                  0x00000ab5   Thumb Code    22  hdt11.o(i.Delayms)
    DrvSYS_Delay                             0x00000acd   Thumb Code    34  main.o(i.DrvSYS_Delay)
    EnterCriticalSection                     0x00000af9   Thumb Code     4  port.o(i.EnterCriticalSection)
    ExitCriticalSection                      0x00000afd   Thumb Code     4  port.o(i.ExitCriticalSection)
    FMC_Close                                0x00000b01   Thumb Code    14  fmc.o(i.FMC_Close)
    FMC_EraseData                            0x00000b15   Thumb Code    54  fmc_data_flash.o(i.FMC_EraseData)
    FMC_Open                                 0x00000b51   Thumb Code    14  fmc.o(i.FMC_Open)
    FMC_ReadData                             0x00000b65   Thumb Code    40  fmc_data_flash.o(i.FMC_ReadData)
    FMC_WriteData                            0x00000b91   Thumb Code    38  fmc_data_flash.o(i.FMC_WriteData)
    GPIO_SetMode                             0x00000bbd   Thumb Code    42  gpio.o(i.GPIO_SetMode)
    HWRealyInit                              0x00000be7   Thumb Code     2  realyctrl.o(i.HWRealyInit)
    I2C1_IRQHandler                          0x00000be9   Thumb Code    46  blux_v30b.o(i.I2C1_IRQHandler)
    I2C_ClearTimeoutFlag                     0x00000c21   Thumb Code    10  i2c.o(i.I2C_ClearTimeoutFlag)
    InitBLUX_V30                             0x00000c2d   Thumb Code    32  blux_v30b.o(i.InitBLUX_V30)
    InitSlaveAddr                            0x00000c55   Thumb Code   124  fmc_data_flash.o(i.InitSlaveAddr)
    ProcesBoadcast                           0x00000e6d   Thumb Code    60  si4432.o(i.ProcesBoadcast)
    ProcesMyselfFun                          0x00000ebd   Thumb Code   126  si4432.o(i.ProcesMyselfFun)
    RE_RSSI                                  0x00000f49   Thumb Code    20  si4432.o(i.RE_RSSI)
    Read_8byte_data                          0x00000f61   Thumb Code    70  hdt11.o(i.Read_8byte_data)
    Read_HDT11                               0x00000fad   Thumb Code   126  hdt11.o(i.Read_HDT11)
    SI4432_init                              0x00001031   Thumb Code    92  si4432.o(i.SI4432_init)
    SYS_Init                                 0x0000108d   Thumb Code    92  main.o(i.SYS_Init)
    SYS_ResetCPU                             0x000010f9   Thumb Code    18  sys.o(i.SYS_ResetCPU)
    SYS_ResetModule                          0x0000110d   Thumb Code    44  sys.o(i.SYS_ResetModule)
    SaveUserSlaveAddr                        0x0000115d   Thumb Code    84  fmc_data_flash.o(i.SaveUserSlaveAddr)
    SaveUserSlaveRfChl                       0x000011b9   Thumb Code    86  fmc_data_flash.o(i.SaveUserSlaveRfChl)
    Si4432RegisterSetV26                     0x00001219   Thumb Code   852  si4432.o(i.Si4432RegisterSetV26)
    Si4432Thread                             0x00001571   Thumb Code   140  si4432.o(i.Si4432Thread)
    SlaveAddrPoll                            0x00001611   Thumb Code   120  fmc_data_flash.o(i.SlaveAddrPoll)
    SystemCoreClockUpdate                    0x00001691   Thumb Code    76  system_m051series.o(i.SystemCoreClockUpdate)
    SystemInit                               0x000016f5   Thumb Code     2  system_m051series.o(i.SystemInit)
    TIMER_GetModuleClock                     0x00001705   Thumb Code   110  timer.o(i.TIMER_GetModuleClock)
    TIMER_Open                               0x00001789   Thumb Code   116  timer.o(i.TIMER_Open)
    TMR1_IRQHandler                          0x00001809   Thumb Code    74  porttimer.o(i.TMR1_IRQHandler)
    TMR2_IRQHandler                          0x00001865   Thumb Code   108  uart3th.o(i.TMR2_IRQHandler)
    UART0_IRQHandler                         0x000018e9   Thumb Code    38  portserial.o(i.UART0_IRQHandler)
    UART1_IRQHandler                         0x00001915   Thumb Code    46  uart3th.o(i.UART1_IRQHandler)
    UART_Open                                0x00001951   Thumb Code   132  uart.o(i.UART_Open)
    UART_Write                               0x000019e5   Thumb Code    50  uart.o(i.UART_Write)
    __ARM_clz                                0x00001a17   Thumb Code    46  depilogue.o(i.__ARM_clz)
    __ARM_common_switch8                     0x00001a45   Thumb Code    26  mb.o(i.__ARM_common_switch8)
    __scatterload_copy                       0x00001a5f   Thumb Code    14  handlers.o(i.__scatterload_copy)
    __scatterload_null                       0x00001a6d   Thumb Code     2  handlers.o(i.__scatterload_null)
    __scatterload_zeroinit                   0x00001a6f   Thumb Code    14  handlers.o(i.__scatterload_zeroinit)
    clr_interruput_si4432                    0x00001a7d   Thumb Code    20  si4432.o(i.clr_interruput_si4432)
    crc_ccitt                                0x00001a91   Thumb Code    40  mbcrc.o(i.crc_ccitt)
    eBTFuncReadHoldingRegister               0x00001abd   Thumb Code   148  btfunc.o(i.eBTFuncReadHoldingRegister)
    eMBEnable                                0x00001b51   Thumb Code    34  mb.o(i.eMBEnable)
    eMBFuncReadCoils                         0x00001b79   Thumb Code   190  mbfunccoils.o(i.eMBFuncReadCoils)
    eMBFuncReadDiscreteInputs                0x00001c37   Thumb Code   188  mbfuncdisc.o(i.eMBFuncReadDiscreteInputs)
    eMBFuncReadHoldingRegister               0x00001cf3   Thumb Code   140  mbfuncholding.o(i.eMBFuncReadHoldingRegister)
    eMBFuncReadInputRegister                 0x00001d7f   Thumb Code   140  mbfuncinput.o(i.eMBFuncReadInputRegister)
    eMBFuncReadWriteMultipleHoldingRegister  0x00001e0b   Thumb Code   234  mbfuncholding.o(i.eMBFuncReadWriteMultipleHoldingRegister)
    eMBFuncReportSlaveID                     0x00001ef5   Thumb Code    30  mbfuncother.o(i.eMBFuncReportSlaveID)
    eMBFuncWriteCoil                         0x00001f1d   Thumb Code   112  mbfunccoils.o(i.eMBFuncWriteCoil)
    eMBFuncWriteHoldingRegister              0x00001f8d   Thumb Code    64  mbfuncholding.o(i.eMBFuncWriteHoldingRegister)
    eMBFuncWriteMultipleCoils                0x00001fcd   Thumb Code   152  mbfunccoils.o(i.eMBFuncWriteMultipleCoils)
    eMBFuncWriteMultipleHoldingRegister      0x00002065   Thumb Code   108  mbfuncholding.o(i.eMBFuncWriteMultipleHoldingRegister)
    eMBInit                                  0x000020d1   Thumb Code   158  mb.o(i.eMBInit)
    eMBPoll                                  0x0000219d   Thumb Code   522  mb.o(i.eMBPoll)
    eMBRTUInit                               0x000023ad   Thumb Code    80  mbrtu.o(i.eMBRTUInit)
    eMBRTUReceive                            0x00002401   Thumb Code    98  mbrtu.o(i.eMBRTUReceive)
    eMBRTUSend                               0x0000246d   Thumb Code   128  mbrtu.o(i.eMBRTUSend)
    eMBRTUStart                              0x000024f5   Thumb Code    30  mbrtu.o(i.eMBRTUStart)
    eMBRTUStop                               0x00002519   Thumb Code    24  mbrtu.o(i.eMBRTUStop)
    eMBRegCoilsCB                            0x00002531   Thumb Code   332  user_mb_app.o(i.eMBRegCoilsCB)
    eMBRegDiscreteCB                         0x0000268d   Thumb Code   318  user_mb_app.o(i.eMBRegDiscreteCB)
    eMBRegHoldingCB                          0x000027dd   Thumb Code   176  user_mb_app.o(i.eMBRegHoldingCB)
    eMBRegInputCB                            0x0000289d   Thumb Code   150  user_mb_app.o(i.eMBRegInputCB)
    initsi4432                               0x00002945   Thumb Code    76  si4432.o(i.initsi4432)
    main                                     0x000029a5   Thumb Code   128  main.o(i.main)
    peBTFrameSendCur                         0x00002a2d   Thumb Code   216  mbrtu.o(i.peBTFrameSendCur)
    prveMBError2Exception                    0x00002b0d   Thumb Code    36  mbutils.o(i.prveMBError2Exception)
    rx_data                                  0x00002b61   Thumb Code    94  si4432.o(i.rx_data)
    save_rec_data                            0x00002bc1   Thumb Code   108  si4432.o(i.save_rec_data)
    spi_byte                                 0x00002c31   Thumb Code    68  si4432.o(i.spi_byte)
    spi_rw                                   0x00002c79   Thumb Code   136  si4432.o(i.spi_rw)
    tx_data                                  0x00002d05   Thumb Code   264  si4432.o(i.tx_data)
    ucMBMasterGetDestAddress                 0x00002e0d   Thumb Code     4  user_mb_app.o(i.ucMBMasterGetDestAddress)
    usMBCRC16                                0x00002e11   Thumb Code    44  mbcrc.o(i.usMBCRC16)
    vMBPortSerialEnable                      0x00002e45   Thumb Code    62  portserial.o(i.vMBPortSerialEnable)
    vMBPortTimersDisable                     0x00002e89   Thumb Code    30  porttimer.o(i.vMBPortTimersDisable)
    vMBPortTimersEnable                      0x00002eb5   Thumb Code    34  porttimer.o(i.vMBPortTimersEnable)
    x3THPortSerialGetByte                    0x00002ee5   Thumb Code    12  uart3th.o(i.x3THPortSerialGetByte)
    x3THPortSerialInit                       0x00002ef5   Thumb Code    80  uart3th.o(i.x3THPortSerialInit)
    x3THPortTimersDisable                    0x00002f51   Thumb Code    12  uart3th.o(i.x3THPortTimersDisable)
    x3THPortTimersEnable                     0x00002f65   Thumb Code    14  uart3th.o(i.x3THPortTimersEnable)
    x3THPortTimersInit                       0x00002f7d   Thumb Code    74  uart3th.o(i.x3THPortTimersInit)
    xMBMasterGetCBRunInMasterMode            0x00002fd5   Thumb Code     4  user_mb_app.o(i.xMBMasterGetCBRunInMasterMode)
    xMBPortEventGet                          0x00002fd9   Thumb Code    30  portevent.o(i.xMBPortEventGet)
    xMBPortEventInit                         0x00002ffd   Thumb Code    10  portevent.o(i.xMBPortEventInit)
    xMBPortEventPost                         0x0000300d   Thumb Code    16  portevent.o(i.xMBPortEventPost)
    xMBPortSerialGetByte                     0x00003021   Thumb Code    12  portserial.o(i.xMBPortSerialGetByte)
    xMBPortSerialInit                        0x00003031   Thumb Code    88  portserial.o(i.xMBPortSerialInit)
    xMBPortSerialPutByte                     0x00003099   Thumb Code    10  portserial.o(i.xMBPortSerialPutByte)
    xMBPortTimersInit                        0x000030a9   Thumb Code    50  porttimer.o(i.xMBPortTimersInit)
    xMBRTUReceiveFSM                         0x000030e9   Thumb Code   134  mbrtu.o(i.xMBRTUReceiveFSM)
    xMBRTUTimerT35Expired                    0x00003179   Thumb Code    62  mbrtu.o(i.xMBRTUTimerT35Expired)
    xMBRTUTransmitFSM                        0x000031bd   Thumb Code   106  mbrtu.o(i.xMBRTUTransmitFSM)
    xMBUtilGetBits                           0x0000322d   Thumb Code    46  mbutils.o(i.xMBUtilGetBits)
    xMBUtilSetBits                           0x0000325b   Thumb Code    80  mbutils.o(i.xMBUtilSetBits)
    gau32ClkSrcTbl                           0x000036fc   Data          32  system_m051series.o(.constdata)
    Region$$Table$$Base                      0x0000371c   Number         0  anon$$obj.o(Region$$Table)
    Region$$Table$$Limit                     0x0000373c   Number         0  anon$$obj.o(Region$$Table)
    SlaveAddr                                0x20000000   Data           1  main.o(.data)
    Timehandel                               0x20000004   Data           1  porttimer.o(.data)
    timecut                                  0x20000008   Data           4  porttimer.o(.data)
    usSDiscInStart                           0x20000010   Data           2  user_mb_app.o(.data)
    usSCoilStart                             0x20000012   Data           2  user_mb_app.o(.data)
    usSRegInStart                            0x20000014   Data           2  user_mb_app.o(.data)
    usSRegHoldStart                          0x20000016   Data           2  user_mb_app.o(.data)
    usMDiscInStart                           0x20000018   Data           2  user_mb_app.o(.data)
    usMCoilStart                             0x2000001a   Data           2  user_mb_app.o(.data)
    usMRegInStart                            0x2000001c   Data           2  user_mb_app.o(.data)
    usMRegHoldStart                          0x2000001e   Data           2  user_mb_app.o(.data)
    Slave_ucSDiscInBuf                       0x20000020   Data           4  user_mb_app.o(.data)
    Slave_ucSCoilBuf                         0x20000024   Data           4  user_mb_app.o(.data)
    Slave_usSRegInBuf                        0x20000028   Data           4  user_mb_app.o(.data)
    Slave_usSRegHoldBuf                      0x2000002c   Data           4  user_mb_app.o(.data)
    ucSDiscInBuf                             0x20000030   Data           1  user_mb_app.o(.data)
    ucSCoilBuf                               0x20000031   Data           1  user_mb_app.o(.data)
    pxMBFrameCBByteReceived                  0x200000e8   Data           4  mb.o(.data)
    pxMBFrameCBTransmitterEmpty              0x200000ec   Data           4  mb.o(.data)
    pxMBPortCBTimerExpired                   0x200000f0   Data           4  mb.o(.data)
    pxMBFrameCBReceiveFSMCur                 0x200000f4   Data           4  mb.o(.data)
    pxMBFrameCBTransmitFSMCur                0x200000f8   Data           4  mb.o(.data)
    SystemCoreClock                          0x200000fc   Data           4  system_m051series.o(.data)
    CyclesPerUs                              0x20000100   Data           4  system_m051series.o(.data)
    PllClock                                 0x20000104   Data           4  system_m051series.o(.data)
    UartLen                                  0x20000108   Data           4  uart3th.o(.data)
    RecivEvent                               0x2000010c   Data           1  uart3th.o(.data)
    Time2handel                              0x2000010d   Data           1  uart3th.o(.data)
    time2cut                                 0x20000110   Data           4  uart3th.o(.data)
    Systick                                  0x20000114   Data           4  uart3th.o(.data)
    Co2SentTime                              0x20000118   Data           4  uart3th.o(.data)
    DHT11ReadTime                            0x20000124   Data           4  hdt11.o(.data)
    RfTime                                   0x20000128   Data           4  si4432.o(.data)
    TxSi4432Len                              0x2000012c   Data           1  si4432.o(.data)
    RxSi4432Len                              0x2000012d   Data           1  si4432.o(.data)
    RSSI                                     0x2000012e   Data           1  si4432.o(.data)
    g_u8EndFlag                              0x20000130   Data           1  blux_v30b.o(.data)
    val32                                    0x20000138   Data           4  blux_v30b.o(.data)
    g_u8DeviceAddr                           0x2000013c   Data           1  blux_v30b.o(.data)
    g_au8TxData                              0x2000013d   Data           3  blux_v30b.o(.data)
    g_u8RxData                               0x20000140   Data           1  blux_v30b.o(.data)
    g_u8DataLen                              0x20000141   Data           1  blux_v30b.o(.data)
    BLUX_V3BTime                             0x20000144   Data           4  blux_v30b.o(.data)
    dis_data_0                               0x20000148   Data           4  blux_v30b.o(.data)
    usSRegInBuf                              0x20000150   Data          16  user_mb_app.o(.bss)
    usSRegHoldBuf                            0x20000160   Data          48  user_mb_app.o(.bss)
    ucMDiscInBuf                             0x20000190   Data          16  user_mb_app.o(.bss)
    ucMCoilBuf                               0x200001a0   Data          16  user_mb_app.o(.bss)
    usMRegInBuf                              0x200001b0   Data         256  user_mb_app.o(.bss)
    usMRegHoldBuf                            0x200002b0   Data         256  user_mb_app.o(.bss)
    ucRTUBuf                                 0x200003b0   Data         256  mbrtu.o(.bss)
    UartReciveBuf                            0x200004d0   Data         128  uart3th.o(.bss)
    RX_Buf                                   0x20000550   Data          64  si4432.o(.bss)
    TX_Buf                                   0x20000590   Data          64  si4432.o(.bss)
    BUF_0                                    0x200005d0   Data         129  blux_v30b.o(.bss)
    __initial_sp                             0x20000858   Data           0  startup_m051series.o(STACK)



==============================================================================

Memory Map of the image

  Image Entry point : 0x000000d5

  Load Region LR_IROM1 (Base: 0x00000000, Size: 0x0000388c, Max: 0x00010000, ABSOLUTE, COMPRESSED[0x00003794])

    Execution Region ER_IROM1 (Base: 0x00000000, Size: 0x0000373c, Max: 0x00010000, ABSOLUTE)

    Base Addr    Size         Type   Attr      Idx    E Section Name        Object

    0x00000000   0x000000c0   Data   RO         1909    RESET               startup_m051series.o
    0x000000c0   0x00000000   Code   RO         2517  * .ARM.Collect$$$$00000000  entry.o(mc_p.l)
    0x000000c0   0x00000004   Code   RO         2539    .ARM.Collect$$$$00000001  entry2.o(mc_p.l)
    0x000000c4   0x00000004   Code   RO         2542    .ARM.Collect$$$$00000004  entry5.o(mc_p.l)
    0x000000c8   0x00000008   Code   RO         2543    .ARM.Collect$$$$00000007  entry7.o(mc_p.l)
    0x000000d0   0x00000004   Code   RO         2540    .ARM.Collect$$$$00002712  entry2.o(mc_p.l)
    0x000000d4   0x0000004c   Code   RO         1910  * .text               startup_m051series.o
    0x00000120   0x0000002c   Code   RO         2520    .text               uidiv.o(mc_p.l)
    0x0000014c   0x00000024   Code   RO         2522    .text               memcpya.o(mc_p.l)
    0x00000170   0x000000d4   Code   RO         2529    .text               dmul.o(mf_p.l)
    0x00000244   0x0000000e   Code   RO         2531    .text               ffltui.o(mf_p.l)
    0x00000252   0x0000002a   Code   RO         2533    .text               ffixui.o(mf_p.l)
    0x0000027c   0x00000026   Code   RO         2535    .text               f2d.o(mf_p.l)
    0x000002a2   0x00000040   Code   RO         2537    .text               d2f.o(mf_p.l)
    0x000002e2   0x00000000   Code   RO         2544    .text               iusefp.o(mc_p.l)
    0x000002e2   0x00000084   Code   RO         2545    .text               fepilogue.o(mf_p.l)
    0x00000366   0x000000f6   Code   RO         2547    .text               depilogue.o(mf_p.l)
    0x0000045c   0x00000024   Code   RO         2551    .text               init.o(mc_p.l)
    0x00000480   0x00000022   Code   RO         2553    .text               llshl.o(mc_p.l)
    0x000004a2   0x00000020   Code   RO         2555    .text               llushr.o(mc_p.l)
    0x000004c2   0x00000058   Code   RO         2565    .text               __dczerorl2.o(mc_p.l)
    0x0000051a   0x0000000a   Code   RO         2317    i.B_LUX_Delay5us    blux_v30b.o
    0x00000524   0x000000d8   Code   RO         2318    i.B_LUX_GetLux      blux_v30b.o
    0x000005fc   0x0000002c   Code   RO         2321    i.B_LUX_RecvACK     blux_v30b.o
    0x00000628   0x00000040   Code   RO         2322    i.B_LUX_RecvByte    blux_v30b.o
    0x00000668   0x00000038   Code   RO         2323    i.B_LUX_SendACK     blux_v30b.o
    0x000006a0   0x0000004c   Code   RO         2324    i.B_LUX_SendByte    blux_v30b.o
    0x000006ec   0x00000024   Code   RO         2326    i.B_LUX_Start       blux_v30b.o
    0x00000710   0x0000002c   Code   RO         2327    i.B_LUX_Stop        blux_v30b.o
    0x0000073c   0x0000001a   Code   RO         2328    i.B_LUX_delay_nms   blux_v30b.o
    0x00000756   0x00000002   PAD
    0x00000758   0x00000040   Code   RO         2329    i.Blux_v3bPoll      blux_v30b.o
    0x00000798   0x00000020   Code   RO          840    i.CLK_EnableModuleClock  clk.o
    0x000007b8   0x0000007c   Code   RO         1752    i.CLK_GetPLLClockFreq  uart.o
    0x00000834   0x0000007c   Code   RO         1916    i.CLK_GetPLLClockFreq  system_m051series.o
    0x000008b0   0x0000005c   Code   RO          851    i.CLK_SetModuleClock  clk.o
    0x0000090c   0x00000024   Code   RO          853    i.CLK_WaitClockReady  clk.o
    0x00000930   0x00000018   Code   RO         2165    i.Check_si4432_HW   si4432.o
    0x00000948   0x0000007c   Code   RO         2022    i.Co2EventPoll      uart3th.o
    0x000009c4   0x00000068   Code   RO         2023    i.Co2Init           uart3th.o
    0x00000a2c   0x00000048   Code   RO         2024    i.Co2SendCmd        uart3th.o
    0x00000a74   0x00000040   Code   RO         2123    i.DHT11EventPoll    hdt11.o
    0x00000ab4   0x00000016   Code   RO         2124    i.Delayms           hdt11.o
    0x00000aca   0x00000002   PAD
    0x00000acc   0x0000002c   Code   RO            3    i.DrvSYS_Delay      main.o
    0x00000af8   0x00000004   Code   RO          169    i.EnterCriticalSection  port.o
    0x00000afc   0x00000004   Code   RO          170    i.ExitCriticalSection  port.o
    0x00000b00   0x00000014   Code   RO          997    i.FMC_Close         fmc.o
    0x00000b14   0x0000003c   Code   RO         2449    i.FMC_EraseData     fmc_data_flash.o
    0x00000b50   0x00000014   Code   RO         1005    i.FMC_Open          fmc.o
    0x00000b64   0x0000002c   Code   RO         2450    i.FMC_ReadData      fmc_data_flash.o
    0x00000b90   0x0000002c   Code   RO         2451    i.FMC_WriteData     fmc_data_flash.o
    0x00000bbc   0x0000002a   Code   RO         1099    i.GPIO_SetMode      gpio.o
    0x00000be6   0x00000002   Code   RO         1955    i.HWRealyInit       realyctrl.o
    0x00000be8   0x00000038   Code   RO         2331    i.I2C1_IRQHandler   blux_v30b.o
    0x00000c20   0x0000000a   Code   RO         1129    i.I2C_ClearTimeoutFlag  i2c.o
    0x00000c2a   0x00000002   PAD
    0x00000c2c   0x00000028   Code   RO         2334    i.InitBLUX_V30      blux_v30b.o
    0x00000c54   0x00000088   Code   RO         2452    i.InitSlaveAddr     fmc_data_flash.o
    0x00000cdc   0x00000014   Code   RO          306    i.NVIC_EnableIRQ    porttimer.o
    0x00000cf0   0x00000014   Code   RO         2025    i.NVIC_EnableIRQ    uart3th.o
    0x00000d04   0x00000078   Code   RO          225    i.NVIC_SetPriority  portserial.o
    0x00000d7c   0x00000078   Code   RO          307    i.NVIC_SetPriority  porttimer.o
    0x00000df4   0x00000078   Code   RO         2026    i.NVIC_SetPriority  uart3th.o
    0x00000e6c   0x00000050   Code   RO         2166    i.ProcesBoadcast    si4432.o
    0x00000ebc   0x0000008c   Code   RO         2167    i.ProcesMyselfFun   si4432.o
    0x00000f48   0x00000018   Code   RO         2168    i.RE_RSSI           si4432.o
    0x00000f60   0x0000004c   Code   RO         2125    i.Read_8byte_data   hdt11.o
    0x00000fac   0x00000084   Code   RO         2126    i.Read_HDT11        hdt11.o
    0x00001030   0x0000005c   Code   RO         2169    i.SI4432_init       si4432.o
    0x0000108c   0x0000006c   Code   RO            4    i.SYS_Init          main.o
    0x000010f8   0x00000012   Code   RO         1622    i.SYS_ResetCPU      sys.o
    0x0000110a   0x00000002   PAD
    0x0000110c   0x00000030   Code   RO         1624    i.SYS_ResetModule   sys.o
    0x0000113c   0x00000020   Code   RO         2453    i.SYS_UnlockReg     fmc_data_flash.o
    0x0000115c   0x0000005c   Code   RO         2454    i.SaveUserSlaveAddr  fmc_data_flash.o
    0x000011b8   0x00000060   Code   RO         2455    i.SaveUserSlaveRfChl  fmc_data_flash.o
    0x00001218   0x00000358   Code   RO         2170    i.Si4432RegisterSetV26  si4432.o
    0x00001570   0x000000a0   Code   RO         2171    i.Si4432Thread      si4432.o
    0x00001610   0x00000080   Code   RO         2456    i.SlaveAddrPoll     fmc_data_flash.o
    0x00001690   0x00000064   Code   RO         1917    i.SystemCoreClockUpdate  system_m051series.o
    0x000016f4   0x00000002   Code   RO         1918    i.SystemInit        system_m051series.o
    0x000016f6   0x0000000c   Code   RO          308    i.TIMER_EnableInt   porttimer.o
    0x00001702   0x00000002   PAD
    0x00001704   0x00000084   Code   RO         1695    i.TIMER_GetModuleClock  timer.o
    0x00001788   0x00000074   Code   RO         1696    i.TIMER_Open        timer.o
    0x000017fc   0x0000000c   Code   RO          309    i.TIMER_Start       porttimer.o
    0x00001808   0x0000005c   Code   RO          310    i.TMR1_IRQHandler   porttimer.o
    0x00001864   0x00000084   Code   RO         2027    i.TMR2_IRQHandler   uart3th.o
    0x000018e8   0x0000002c   Code   RO          226    i.UART0_IRQHandler  portserial.o
    0x00001914   0x0000003c   Code   RO         2028    i.UART1_IRQHandler  uart3th.o
    0x00001950   0x00000094   Code   RO         1761    i.UART_Open         uart.o
    0x000019e4   0x00000032   Code   RO         1768    i.UART_Write        uart.o
    0x00001a16   0x0000002e   Code   RO         2549    i.__ARM_clz         depilogue.o(mf_p.l)
    0x00001a44   0x0000001a   Code   RO          745    i.__ARM_common_switch8  mb.o
    0x00001a5e   0x0000000e   Code   RO         2559    i.__scatterload_copy  handlers.o(mc_p.l)
    0x00001a6c   0x00000002   Code   RO         2560    i.__scatterload_null  handlers.o(mc_p.l)
    0x00001a6e   0x0000000e   Code   RO         2561    i.__scatterload_zeroinit  handlers.o(mc_p.l)
    0x00001a7c   0x00000014   Code   RO         2172    i.clr_interruput_si4432  si4432.o
    0x00001a90   0x0000002c   Code   RO          422    i.crc_ccitt         mbcrc.o
    0x00001abc   0x00000094   Code   RO          534    i.eBTFuncReadHoldingRegister  btfunc.o
    0x00001b50   0x00000028   Code   RO          705    i.eMBEnable         mb.o
    0x00001b78   0x000000be   Code   RO          552    i.eMBFuncReadCoils  mbfunccoils.o
    0x00001c36   0x000000bc   Code   RO          579    i.eMBFuncReadDiscreteInputs  mbfuncdisc.o
    0x00001cf2   0x0000008c   Code   RO          591    i.eMBFuncReadHoldingRegister  mbfuncholding.o
    0x00001d7e   0x0000008c   Code   RO          621    i.eMBFuncReadInputRegister  mbfuncinput.o
    0x00001e0a   0x000000ea   Code   RO          592    i.eMBFuncReadWriteMultipleHoldingRegister  mbfuncholding.o
    0x00001ef4   0x00000028   Code   RO          635    i.eMBFuncReportSlaveID  mbfuncother.o
    0x00001f1c   0x00000070   Code   RO          553    i.eMBFuncWriteCoil  mbfunccoils.o
    0x00001f8c   0x00000040   Code   RO          593    i.eMBFuncWriteHoldingRegister  mbfuncholding.o
    0x00001fcc   0x00000098   Code   RO          554    i.eMBFuncWriteMultipleCoils  mbfunccoils.o
    0x00002064   0x0000006c   Code   RO          594    i.eMBFuncWriteMultipleHoldingRegister  mbfuncholding.o
    0x000020d0   0x000000cc   Code   RO          706    i.eMBInit           mb.o
    0x0000219c   0x00000210   Code   RO          707    i.eMBPoll           mb.o
    0x000023ac   0x00000054   Code   RO          444    i.eMBRTUInit        mbrtu.o
    0x00002400   0x0000006c   Code   RO          445    i.eMBRTUReceive     mbrtu.o
    0x0000246c   0x00000088   Code   RO          446    i.eMBRTUSend        mbrtu.o
    0x000024f4   0x00000024   Code   RO          447    i.eMBRTUStart       mbrtu.o
    0x00002518   0x00000018   Code   RO          448    i.eMBRTUStop        mbrtu.o
    0x00002530   0x0000015c   Code   RO          373    i.eMBRegCoilsCB     user_mb_app.o
    0x0000268c   0x00000150   Code   RO          374    i.eMBRegDiscreteCB  user_mb_app.o
    0x000027dc   0x000000c0   Code   RO          375    i.eMBRegHoldingCB   user_mb_app.o
    0x0000289c   0x000000a8   Code   RO          376    i.eMBRegInputCB     user_mb_app.o
    0x00002944   0x00000060   Code   RO         2173    i.initsi4432        si4432.o
    0x000029a4   0x00000088   Code   RO            6    i.main              main.o
    0x00002a2c   0x000000e0   Code   RO          449    i.peBTFrameSendCur  mbrtu.o
    0x00002b0c   0x00000024   Code   RO          664    i.prveMBError2Exception  mbutils.o
    0x00002b30   0x00000010   Code   RO          311    i.prvvTIMERExpiredISR  porttimer.o
    0x00002b40   0x00000010   Code   RO          227    i.prvvUARTRxISR     portserial.o
    0x00002b50   0x00000010   Code   RO          228    i.prvvUARTTxReadyISR  portserial.o
    0x00002b60   0x0000005e   Code   RO         2174    i.rx_data           si4432.o
    0x00002bbe   0x00000002   PAD
    0x00002bc0   0x00000070   Code   RO         2175    i.save_rec_data     si4432.o
    0x00002c30   0x00000048   Code   RO         2176    i.spi_byte          si4432.o
    0x00002c78   0x0000008c   Code   RO         2177    i.spi_rw            si4432.o
    0x00002d04   0x00000108   Code   RO         2178    i.tx_data           si4432.o
    0x00002e0c   0x00000004   Code   RO          377    i.ucMBMasterGetDestAddress  user_mb_app.o
    0x00002e10   0x00000034   Code   RO          423    i.usMBCRC16         mbcrc.o
    0x00002e44   0x00000044   Code   RO          230    i.vMBPortSerialEnable  portserial.o
    0x00002e88   0x0000002c   Code   RO          312    i.vMBPortTimersDisable  porttimer.o
    0x00002eb4   0x00000030   Code   RO          313    i.vMBPortTimersEnable  porttimer.o
    0x00002ee4   0x00000010   Code   RO         2029    i.x3THPortSerialGetByte  uart3th.o
    0x00002ef4   0x0000005c   Code   RO         2030    i.x3THPortSerialInit  uart3th.o
    0x00002f50   0x00000014   Code   RO         2032    i.x3THPortTimersDisable  uart3th.o
    0x00002f64   0x00000018   Code   RO         2033    i.x3THPortTimersEnable  uart3th.o
    0x00002f7c   0x00000058   Code   RO         2034    i.x3THPortTimersInit  uart3th.o
    0x00002fd4   0x00000004   Code   RO          378    i.xMBMasterGetCBRunInMasterMode  user_mb_app.o
    0x00002fd8   0x00000024   Code   RO          190    i.xMBPortEventGet   portevent.o
    0x00002ffc   0x00000010   Code   RO          191    i.xMBPortEventInit  portevent.o
    0x0000300c   0x00000014   Code   RO          192    i.xMBPortEventPost  portevent.o
    0x00003020   0x00000010   Code   RO          231    i.xMBPortSerialGetByte  portserial.o
    0x00003030   0x00000068   Code   RO          232    i.xMBPortSerialInit  portserial.o
    0x00003098   0x00000010   Code   RO          233    i.xMBPortSerialPutByte  portserial.o
    0x000030a8   0x00000040   Code   RO          314    i.xMBPortTimersInit  porttimer.o
    0x000030e8   0x00000090   Code   RO          450    i.xMBRTUReceiveFSM  mbrtu.o
    0x00003178   0x00000044   Code   RO          451    i.xMBRTUTimerT35Expired  mbrtu.o
    0x000031bc   0x00000070   Code   RO          452    i.xMBRTUTransmitFSM  mbrtu.o
    0x0000322c   0x0000002e   Code   RO          665    i.xMBUtilGetBits    mbutils.o
    0x0000325a   0x00000050   Code   RO          666    i.xMBUtilSetBits    mbutils.o
    0x000032aa   0x00000400   Data   RO          424    .constdata          mbcrc.o
    0x000036aa   0x00000002   PAD
    0x000036ac   0x00000020   Data   RO         1697    .constdata          timer.o
    0x000036cc   0x00000030   Data   RO         1769    .constdata          uart.o
    0x000036fc   0x00000020   Data   RO         1919    .constdata          system_m051series.o
    0x0000371c   0x00000020   Data   RO         2557    Region$$Table       anon$$obj.o


    Execution Region RW_IRAM1 (Base: 0x20000000, Size: 0x00000858, Max: 0x00001000, ABSOLUTE, COMPRESSED[0x00000058])

    Base Addr    Size         Type   Attr      Idx    E Section Name        Object

    0x20000000   0x00000001   Data   RW            7    .data               main.o
    0x20000001   0x00000002   Data   RW          193    .data               portevent.o
    0x20000003   0x00000001   PAD
    0x20000004   0x0000000a   Data   RW          315    .data               porttimer.o
    0x2000000e   0x00000002   PAD
    0x20000010   0x00000022   Data   RW          380    .data               user_mb_app.o
    0x20000032   0x00000002   PAD
    0x20000034   0x0000000c   Data   RW          454    .data               mbrtu.o
    0x20000040   0x00000002   Data   RW          638    .data               mbfuncother.o
    0x20000042   0x00000002   PAD
    0x20000044   0x000000b8   Data   RW          709    .data               mb.o
    0x200000fc   0x0000000c   Data   RW         1920    .data               system_m051series.o
    0x20000108   0x0000001a   Data   RW         2036    .data               uart3th.o
    0x20000122   0x00000002   PAD
    0x20000124   0x00000004   Data   RW         2127    .data               hdt11.o
    0x20000128   0x00000007   Data   RW         2180    .data               si4432.o
    0x2000012f   0x00000001   PAD
    0x20000130   0x0000001c   Data   RW         2336    .data               blux_v30b.o
    0x2000014c   0x00000004   Data   RW         2457    .data               fmc_data_flash.o
    0x20000150   0x00000260   Zero   RW          379    .bss                user_mb_app.o
    0x200003b0   0x00000100   Zero   RW          453    .bss                mbrtu.o
    0x200004b0   0x00000020   Zero   RW          637    .bss                mbfuncother.o
    0x200004d0   0x00000080   Zero   RW         2035    .bss                uart3th.o
    0x20000550   0x00000080   Zero   RW         2179    .bss                si4432.o
    0x200005d0   0x00000081   Zero   RW         2335    .bss                blux_v30b.o
    0x20000651   0x00000007   PAD
    0x20000658   0x00000200   Zero   RW         1907    STACK               startup_m051series.o


==============================================================================

Image component sizes


      Code (inc. data)   RO Data    RW Data    ZI Data      Debug   Object Name

       732         80          0         28        129       6947   blux_v30b.o
       148          0          0          0          0       1449   btfunc.o
       160         16          0          0          0       7798   clk.o
        40         12          0          0          0        787   fmc.o
       632         60          0          4          0      15536   fmc_data_flash.o
        42          0          0          0          0        887   gpio.o
       294         24          0          4          0       2470   hdt11.o
        10          0          0          0          0        759   i2c.o
       288         34          0          1          0      70551   main.o
       798         66          0        184          0       4611   mb.o
        96         12       1024          0          0       1768   mbcrc.o
       454          0          0          0          0       3758   mbfunccoils.o
       188          0          0          0          0       1604   mbfuncdisc.o
       546          0          0          0          0       4939   mbfuncholding.o
       140          0          0          0          0       1519   mbfuncinput.o
        40         10          0          2         32       1399   mbfuncother.o
       936         58          0         12        256       6862   mbrtu.o
       162          0          0          0          0       2582   mbutils.o
         8          0          0          0          0       1665   port.o
        72         16          0          2          0       4450   portevent.o
       400         60          0          0          0      60691   portserial.o
       428         82          0         10          0       7012   porttimer.o
         2          0          0          0          0        374   realyctrl.o
      2174        116          0          7        128       9361   si4432.o
        76         32        192          0        512        504   startup_m051series.o
        66          4          0          0          0        861   sys.o
       226         42         32         12          0       2423   system_m051series.o
       248         22         32          0          0       1764   timer.o
       322         34         48          0          0       2417   uart.o
       872        186          0         26        128      15160   uart3th.o
      1052         68          0         34        608       7320   user_mb_app.o

    ----------------------------------------------------------------------
     11664       1034       1362        336       1800     250228   Object Totals
         0          0         32          0          0          0   (incl. Generated)
        12          0          2         10          7          0   (incl. Padding)

    ----------------------------------------------------------------------

      Code (inc. data)   RO Data    RW Data    ZI Data      Debug   Library Member Name

        88          0          0          0          0          0   __dczerorl2.o
        64          0          0          0          0         72   d2f.o
       292          0          0          0          0        184   depilogue.o
       212          6          0          0          0         88   dmul.o
         0          0          0          0          0          0   entry.o
         8          4          0          0          0          0   entry2.o
         4          0          0          0          0          0   entry5.o
         8          4          0          0          0          0   entry7.o
        38          0          0          0          0         60   f2d.o
       132          0          0          0          0        140   fepilogue.o
        42          0          0          0          0         60   ffixui.o
        14          0          0          0          0         68   ffltui.o
        30          0          0          0          0          0   handlers.o
        36          8          0          0          0         68   init.o
         0          0          0          0          0          0   iusefp.o
        34          0          0          0          0         68   llshl.o
        32          0          0          0          0         68   llushr.o
        36          0          0          0          0         60   memcpya.o
        44          0          0          0          0         68   uidiv.o

    ----------------------------------------------------------------------
      1114         22          0          0          0       1004   Library Totals
         0          0          0          0          0          0   (incl. Padding)

    ----------------------------------------------------------------------

      Code (inc. data)   RO Data    RW Data    ZI Data      Debug   Library Name

       320         16          0          0          0        332   mc_p.l
       794          6          0          0          0        672   mf_p.l

    ----------------------------------------------------------------------
      1114         22          0          0          0       1004   Library Totals

    ----------------------------------------------------------------------

==============================================================================


      Code (inc. data)   RO Data    RW Data    ZI Data      Debug   

     12778       1056       1362        336       1800     245596   Grand Totals
     12778       1056       1362         88       1800     245596   ELF Image Totals (compressed)
     12778       1056       1362         88          0          0   ROM Totals

==============================================================================

    Total RO  Size (Code + RO Data)                14140 (  13.81kB)
    Total RW  Size (RW Data + ZI Data)              2136 (   2.09kB)
    Total ROM Size (Code + RO Data + RW Data)      14228 (  13.89kB)

==============================================================================

