<html>
<body>
<pre>
<h1>µVision Build Log</h1>
<h2>Project:</h2>
C:\Users\mister-wang\Desktop\ModbusRunM0_V2\ModbusRunM0\SDK\Modbus.uvproj
Project File Date:  08/14/2018

<h2>Output:</h2>
Build target 'Modbus'
linking...
Program Size: Code=12778 RO-data=1362 RW-data=336 ZI-data=1800  
FromELF: creating hex file...
".\obj\Modbus.axf" - 0 Error(s), 0 Warning(s).
Load "C:\\Users\\mister-wang\\Desktop\\ModbusRunM0_V2\\ModbusRunM0\\SDK\\obj\\Modbus.AXF" 
Programming Done.
Application running...
Build target 'Modbus'
linking...
Program Size: Code=12778 RO-data=1362 RW-data=336 ZI-data=1800  
FromELF: creating hex file...
".\obj\Modbus.axf" - 0 Error(s), 0 Warning(s).
Load "C:\\Users\\mister-wang\\Desktop\\ModbusRunM0_V2\\ModbusRunM0\\SDK\\obj\\Modbus.AXF" 
Erase Done.
Programming Done.
Application running...
Load "C:\\Users\\mister-wang\\Desktop\\ModbusRunM0_V2\\ModbusRunM0\\SDK\\obj\\Modbus.AXF" 
Erase Done.
Programming Done.
Application running...
